Archive member included to satisfy reference by file (symbol)

C:/NXP/S32DS.3.4/S32DS/build_tools/gcc_v6.3/gcc-6.3-arm32-eabi/arm-none-eabi/newlib/lib/thumb/v7e-m\libm.a(lib_a-w_pow.o)
                              ./src/Message.o (pow)
C:/NXP/S32DS.3.4/S32DS/build_tools/gcc_v6.3/gcc-6.3-arm32-eabi/arm-none-eabi/newlib/lib/thumb/v7e-m\libm.a(lib_a-e_pow.o)
                              C:/NXP/S32DS.3.4/S32DS/build_tools/gcc_v6.3/gcc-6.3-arm32-eabi/arm-none-eabi/newlib/lib/thumb/v7e-m\libm.a(lib_a-w_pow.o) (__ieee754_pow)
C:/NXP/S32DS.3.4/S32DS/build_tools/gcc_v6.3/gcc-6.3-arm32-eabi/arm-none-eabi/newlib/lib/thumb/v7e-m\libm.a(lib_a-e_sqrt.o)
                              C:/NXP/S32DS.3.4/S32DS/build_tools/gcc_v6.3/gcc-6.3-arm32-eabi/arm-none-eabi/newlib/lib/thumb/v7e-m\libm.a(lib_a-e_pow.o) (__ieee754_sqrt)
C:/NXP/S32DS.3.4/S32DS/build_tools/gcc_v6.3/gcc-6.3-arm32-eabi/arm-none-eabi/newlib/lib/thumb/v7e-m\libm.a(lib_a-s_fabs.o)
                              C:/NXP/S32DS.3.4/S32DS/build_tools/gcc_v6.3/gcc-6.3-arm32-eabi/arm-none-eabi/newlib/lib/thumb/v7e-m\libm.a(lib_a-e_pow.o) (fabs)
C:/NXP/S32DS.3.4/S32DS/build_tools/gcc_v6.3/gcc-6.3-arm32-eabi/arm-none-eabi/newlib/lib/thumb/v7e-m\libm.a(lib_a-s_finite.o)
                              C:/NXP/S32DS.3.4/S32DS/build_tools/gcc_v6.3/gcc-6.3-arm32-eabi/arm-none-eabi/newlib/lib/thumb/v7e-m\libm.a(lib_a-w_pow.o) (finite)
C:/NXP/S32DS.3.4/S32DS/build_tools/gcc_v6.3/gcc-6.3-arm32-eabi/arm-none-eabi/newlib/lib/thumb/v7e-m\libm.a(lib_a-s_lib_ver.o)
                              C:/NXP/S32DS.3.4/S32DS/build_tools/gcc_v6.3/gcc-6.3-arm32-eabi/arm-none-eabi/newlib/lib/thumb/v7e-m\libm.a(lib_a-w_pow.o) (__fdlib_version)
C:/NXP/S32DS.3.4/S32DS/build_tools/gcc_v6.3/gcc-6.3-arm32-eabi/arm-none-eabi/newlib/lib/thumb/v7e-m\libm.a(lib_a-s_matherr.o)
                              C:/NXP/S32DS.3.4/S32DS/build_tools/gcc_v6.3/gcc-6.3-arm32-eabi/arm-none-eabi/newlib/lib/thumb/v7e-m\libm.a(lib_a-w_pow.o) (matherr)
C:/NXP/S32DS.3.4/S32DS/build_tools/gcc_v6.3/gcc-6.3-arm32-eabi/arm-none-eabi/newlib/lib/thumb/v7e-m\libm.a(lib_a-s_nan.o)
                              C:/NXP/S32DS.3.4/S32DS/build_tools/gcc_v6.3/gcc-6.3-arm32-eabi/arm-none-eabi/newlib/lib/thumb/v7e-m\libm.a(lib_a-e_pow.o) (nan)
C:/NXP/S32DS.3.4/S32DS/build_tools/gcc_v6.3/gcc-6.3-arm32-eabi/arm-none-eabi/newlib/lib/thumb/v7e-m\libm.a(lib_a-s_rint.o)
                              C:/NXP/S32DS.3.4/S32DS/build_tools/gcc_v6.3/gcc-6.3-arm32-eabi/arm-none-eabi/newlib/lib/thumb/v7e-m\libm.a(lib_a-w_pow.o) (rint)
C:/NXP/S32DS.3.4/S32DS/build_tools/gcc_v6.3/gcc-6.3-arm32-eabi/arm-none-eabi/newlib/lib/thumb/v7e-m\libm.a(lib_a-s_scalbn.o)
                              C:/NXP/S32DS.3.4/S32DS/build_tools/gcc_v6.3/gcc-6.3-arm32-eabi/arm-none-eabi/newlib/lib/thumb/v7e-m\libm.a(lib_a-e_pow.o) (scalbn)
C:/NXP/S32DS.3.4/S32DS/build_tools/gcc_v6.3/gcc-6.3-arm32-eabi/arm-none-eabi/newlib/lib/thumb/v7e-m\libm.a(lib_a-s_copysign.o)
                              C:/NXP/S32DS.3.4/S32DS/build_tools/gcc_v6.3/gcc-6.3-arm32-eabi/arm-none-eabi/newlib/lib/thumb/v7e-m\libm.a(lib_a-s_scalbn.o) (copysign)
c:/nxp/s32ds.3.4/s32ds/build_tools/gcc_v6.3/gcc-6.3-arm32-eabi/bin/../lib/gcc/arm-none-eabi/6.3.1/thumb/v7e-m\libgcc.a(_arm_addsubdf3.o)
                              C:/NXP/S32DS.3.4/S32DS/build_tools/gcc_v6.3/gcc-6.3-arm32-eabi/arm-none-eabi/newlib/lib/thumb/v7e-m\libm.a(lib_a-e_pow.o) (__aeabi_dsub)
c:/nxp/s32ds.3.4/s32ds/build_tools/gcc_v6.3/gcc-6.3-arm32-eabi/bin/../lib/gcc/arm-none-eabi/6.3.1/thumb/v7e-m\libgcc.a(_arm_muldivdf3.o)
                              ./src/Message.o (__aeabi_dmul)
c:/nxp/s32ds.3.4/s32ds/build_tools/gcc_v6.3/gcc-6.3-arm32-eabi/bin/../lib/gcc/arm-none-eabi/6.3.1/thumb/v7e-m\libgcc.a(_arm_cmpdf2.o)
                              C:/NXP/S32DS.3.4/S32DS/build_tools/gcc_v6.3/gcc-6.3-arm32-eabi/arm-none-eabi/newlib/lib/thumb/v7e-m\libm.a(lib_a-w_pow.o) (__aeabi_dcmpeq)
c:/nxp/s32ds.3.4/s32ds/build_tools/gcc_v6.3/gcc-6.3-arm32-eabi/bin/../lib/gcc/arm-none-eabi/6.3.1/thumb/v7e-m\libgcc.a(_arm_unorddf2.o)
                              C:/NXP/S32DS.3.4/S32DS/build_tools/gcc_v6.3/gcc-6.3-arm32-eabi/arm-none-eabi/newlib/lib/thumb/v7e-m\libm.a(lib_a-w_pow.o) (__aeabi_dcmpun)
c:/nxp/s32ds.3.4/s32ds/build_tools/gcc_v6.3/gcc-6.3-arm32-eabi/bin/../lib/gcc/arm-none-eabi/6.3.1/thumb/v7e-m\libgcc.a(_arm_fixunsdfsi.o)
                              ./src/Message.o (__aeabi_d2uiz)
C:/NXP/S32DS.3.4/S32DS/build_tools/gcc_v6.3/gcc-6.3-arm32-eabi/arm-none-eabi/newlib/lib/thumb/v7e-m\libc.a(lib_a-errno.o)
                              C:/NXP/S32DS.3.4/S32DS/build_tools/gcc_v6.3/gcc-6.3-arm32-eabi/arm-none-eabi/newlib/lib/thumb/v7e-m\libm.a(lib_a-w_pow.o) (__errno)
C:/NXP/S32DS.3.4/S32DS/build_tools/gcc_v6.3/gcc-6.3-arm32-eabi/arm-none-eabi/newlib/lib/thumb/v7e-m\libc.a(lib_a-exit.o)
                              C:/NXP/S32DS.3.4/S32DS/build_tools/gcc_v6.3/gcc-6.3-arm32-eabi/arm-none-eabi/newlib/lib/thumb/v7e-m/crt0.o (exit)
[...]
Memory Configuration

Name             Origin             Length             Attributes
m_interrupts     0x00000000         0x00000400         xr
m_flash_config   0x00000400         0x00000010         xr
m_text           0x00000410         0x0007fbf0         xr
m_data           0x1fff8000         0x00008000         rw
m_data_2         0x20000000         0x00007000         rw
*default*        0x00000000         0xffffffff

Linker script and memory map

LOAD c:/nxp/s32ds.3.4/s32ds/build_tools/gcc_v6.3/gcc-6.3-arm32-eabi/bin/../lib/gcc/arm-none-eabi/6.3.1/thumb/v7e-m/crti.o
LOAD c:/nxp/s32ds.3.4/s32ds/build_tools/gcc_v6.3/gcc-6.3-arm32-eabi/bin/../lib/gcc/arm-none-eabi/6.3.1/thumb/v7e-m/crtbegin.o
LOAD C:/NXP/S32DS.3.4/S32DS/build_tools/gcc_v6.3/gcc-6.3-arm32-eabi/arm-none-eabi/newlib/lib/thumb/v7e-m/crt0.o
LOAD ./Project_Settings/Startup_Code/startup.o
LOAD ./Project_Settings/Startup_Code/startup_S32K144.o
LOAD ./Project_Settings/Startup_Code/system_S32K144.o
LOAD ./core/Core_NVIC.o
LOAD ./core/Core_Systick.o
LOAD ./drivers/Driver_ADC.o
LOAD ./drivers/Driver_GPIO.o
LOAD ./drivers/Driver_LPIT.o
LOAD ./drivers/Driver_UART.o
LOAD ./middleware/Middleware.o
LOAD ./src/Message.o
LOAD ./src/main.o
LOAD C:/NXP/S32DS.3.4/S32DS/build_tools/gcc_v6.3/gcc-6.3-arm32-eabi/arm-none-eabi/newlib/lib/thumb/v7e-m\libm.a
START GROUP
LOAD c:/nxp/s32ds.3.4/s32ds/build_tools/gcc_v6.3/gcc-6.3-arm32-eabi/bin/../lib/gcc/arm-none-eabi/6.3.1/thumb/v7e-m\libgcc.a
LOAD C:/NXP/S32DS.3.4/S32DS/build_tools/gcc_v6.3/gcc-6.3-arm32-eabi/arm-none-eabi/newlib/lib/thumb/v7e-m\libc.a
END GROUP
START GROUP
LOAD c:/nxp/s32ds.3.4/s32ds/build_tools/gcc_v6.3/gcc-6.3-arm32-eabi/bin/../lib/gcc/arm-none-eabi/6.3.1/thumb/v7e-m\libgcc.a
LOAD C:/NXP/S32DS.3.4/S32DS/build_tools/gcc_v6.3/gcc-6.3-arm32-eabi/arm-none-eabi/newlib/lib/thumb/v7e-m\libc.a
LOAD C:/NXP/S32DS.3.4/S32DS/build_tools/gcc_v6.3/gcc-6.3-arm32-eabi/arm-none-eabi/newlib/lib/thumb/v7e-m\libnosys.a
END GROUP
LOAD c:/nxp/s32ds.3.4/s32ds/build_tools/gcc_v6.3/gcc-6.3-arm32-eabi/bin/../lib/gcc/arm-none-eabi/6.3.1/thumb/v7e-m/crtend.o
LOAD c:/nxp/s32ds.3.4/s32ds/build_tools/gcc_v6.3/gcc-6.3-arm32-eabi/bin/../lib/gcc/arm-none-eabi/6.3.1/thumb/v7e-m/crtn.o
                0x00000400                HEAP_SIZE = DEFINED (__heap_size__)?__heap_size__:0x400
                0x00000400                STACK_SIZE = DEFINED (__stack_size__)?__stack_size__:0x400
                0x00000400                M_VECTOR_RAM_SIZE = DEFINED (__flash_vector_table__)?0x0:0x400

.interrupts     0x00000000      0x400
                0x00000000                __VECTOR_TABLE = .
                0x00000000                __interrupts_start__ = .
                0x00000000                . = ALIGN (0x4)
 *(.isr_vector)
 .isr_vector    0x00000000      0x400 ./Project_Settings/Startup_Code/startup_S32K144.o
                0x00000000                __isr_vector
                0x00000400                __interrupts_end__ = .
                0x00000400                . = ALIGN (0x4)

.flash_config   0x00000400       0x10
                0x00000400                . = ALIGN (0x4)
 *(.FlashConfig)
 .FlashConfig   0x00000400       0x10 ./Project_Settings/Startup_Code/startup_S32K144.o
                0x00000410                . = ALIGN (0x4)

.text           0x00000410     0x350c
                0x00000410                . = ALIGN (0x4)
 *(.text)
 .text          0x00000410       0xa4 c:/nxp/s32ds.3.4/s32ds/build_tools/gcc_v6.3/gcc-6.3-arm32-eabi/bin/../lib/gcc/arm-none-eabi/6.3.1/thumb/v7e-m/crtbegin.o
 .text          0x000004b4       0x74 C:/NXP/S32DS.3.4/S32DS/build_tools/gcc_v6.3/gcc-6.3-arm32-eabi/arm-none-eabi/newlib/lib/thumb/v7e-m/crt0.o
                0x000004b4                _start
                0x000004b4                _mainCRTStartup
 .text          0x00000528       0x6c ./Project_Settings/Startup_Code/startup_S32K144.o
                0x00000528                Reset_Handler
                0x00000590                DebugMon_Handler
                0x00000590                Reserved88_IRQHandler
                0x00000590                CAN0_ORed_IRQHandler
                0x00000590                HardFault_Handler
                0x00000590                Reserved86_IRQHandler
                0x00000590                Reserved103_IRQHandler
                0x00000590                FTM2_Ovf_Reload_IRQHandler
                0x00000590                Reserved50_IRQHandler
                0x00000590                FTFC_Fault_IRQHandler
                0x00000590                FTM0_Ch6_Ch7_IRQHandler
                0x00000590                Reserved114_IRQHandler
                0x00000590                PendSV_Handler
                0x00000590                NMI_Handler
                0x00000590                Reserved89_IRQHandler
                0x00000590                ERM_double_fault_IRQHandler
                0x00000590                DMA2_IRQHandler
                0x00000590                Reserved59_IRQHandler
                0x00000590                Reserved99_IRQHandler
                0x00000590                FTM3_Ch6_Ch7_IRQHandler
                0x00000590                CAN2_ORed_0_15_MB_IRQHandler
                0x00000590                LPIT0_Ch3_IRQHandler
                0x00000590                Reserved92_IRQHandler
                0x00000590                FTM0_Ch4_Ch5_IRQHandler
                0x00000590                CAN1_Error_IRQHandler
                0x00000590                FTM3_Ch0_Ch1_IRQHandler
                0x00000590                SWI_IRQHandler
                0x00000590                FTM2_Ch4_Ch5_IRQHandler
                0x00000590                UsageFault_Handler
                0x00000590                FTM0_Ovf_Reload_IRQHandler
                0x00000590                DefaultISR
                0x00000590                DMA9_IRQHandler
                0x00000590                Reserved58_IRQHandler
                0x00000590                CAN1_ORed_0_15_MB_IRQHandler
                0x00000590                FTM1_Ch2_Ch3_IRQHandler
                0x00000590                DMA14_IRQHandler
                0x00000590                Reserved82_IRQHandler
                0x00000590                CAN0_ORed_16_31_MB_IRQHandler
                0x00000590                LPI2C0_Slave_IRQHandler
                0x00000590                Reserved71_IRQHandler
                0x00000590                PORTD_IRQHandler
                0x00000590                Reserved69_IRQHandler
                0x00000590                PORTB_IRQHandler
                0x00000590                Reserved70_IRQHandler
                0x00000590                ADC1_IRQHandler
                0x00000590                FTM2_Ch2_Ch3_IRQHandler
                0x00000590                Reserved53_IRQHandler
                0x00000590                DMA5_IRQHandler
                0x00000590                RTC_IRQHandler
                0x00000590                PDB0_IRQHandler
                0x00000590                Reserved54_IRQHandler
                0x00000590                FTM2_Ch6_Ch7_IRQHandler
                0x00000590                FTM3_Ch2_Ch3_IRQHandler
                0x00000590                FTM2_Ch0_Ch1_IRQHandler
                0x00000590                LPSPI1_IRQHandler
                0x00000590                RTC_Seconds_IRQHandler
                0x00000590                CAN2_ORed_IRQHandler
                0x00000590                Reserved72_IRQHandler
                0x00000590                Reserved110_IRQHandler
                0x00000590                DMA11_IRQHandler
                0x00000590                Reserved107_IRQHandler
                0x00000590                Read_Collision_IRQHandler
                0x00000590                CAN2_Error_IRQHandler
                0x00000590                FTFC_IRQHandler
                0x00000590                DMA7_IRQHandler
                0x00000590                FTM1_Ch6_Ch7_IRQHandler
                0x00000590                Reserved105_IRQHandler
                0x00000590                LPIT0_Ch1_IRQHandler
                0x00000590                FTM1_Ch4_Ch5_IRQHandler
                0x00000590                FTM3_Ovf_Reload_IRQHandler
                0x00000590                LPUART2_RxTx_IRQHandler
                0x00000590                LPSPI0_IRQHandler
                0x00000590                WDOG_EWM_IRQHandler
                0x00000590                MemManage_Handler
                0x00000590                Reserved90_IRQHandler
                0x00000590                Reserved83_IRQHandler
                0x00000590                FTM0_Fault_IRQHandler
                0x00000590                Reserved48_IRQHandler
                0x00000590                SVC_Handler
                0x00000590                ERM_single_fault_IRQHandler
                0x00000590                FTM2_Fault_IRQHandler
                0x00000590                FTM0_Ch2_Ch3_IRQHandler
                0x00000590                DMA13_IRQHandler
                0x00000590                FTM0_Ch0_Ch1_IRQHandler
                0x00000590                FTM3_Fault_IRQHandler
                0x00000590                RCM_IRQHandler
                0x00000590                DMA3_IRQHandler
                0x00000590                Reserved100_IRQHandler
                0x00000590                DMA0_IRQHandler
                0x00000590                Reserved91_IRQHandler
                0x00000590                CAN1_ORed_IRQHandler
                0x00000590                DMA15_IRQHandler
                0x00000590                SCG_IRQHandler
                0x00000590                PDB1_IRQHandler
                0x00000590                Reserved81_IRQHandler
                0x00000590                Reserved46_IRQHandler
                0x00000590                Reserved45_IRQHandler
                0x00000590                CAN0_Error_IRQHandler
                0x00000590                Reserved112_IRQHandler
                0x00000590                LPI2C0_Master_IRQHandler
                0x00000590                DMA4_IRQHandler
                0x00000590                FTM1_Fault_IRQHandler
                0x00000590                Reserved106_IRQHandler
                0x00000590                DMA_Error_IRQHandler
                0x00000590                LVD_LVW_IRQHandler
                0x00000590                LPIT0_Ch2_IRQHandler
                0x00000590                PORTA_IRQHandler
                0x00000590                MCM_IRQHandler
                0x00000590                LPSPI2_IRQHandler
                0x00000590                DMA12_IRQHandler
                0x00000590                FTM3_Ch4_Ch5_IRQHandler
                0x00000590                CAN0_ORed_0_15_MB_IRQHandler
                0x00000590                PORTE_IRQHandler
                0x00000590                LPUART0_RxTx_IRQHandler
                0x00000590                LPTMR0_IRQHandler
                0x00000590                BusFault_Handler
                0x00000590                Reserved87_IRQHandler
                0x00000590                FTM1_Ovf_Reload_IRQHandler
                0x00000590                DMA8_IRQHandler
                0x00000590                Reserved93_IRQHandler
                0x00000590                DMA10_IRQHandler
                0x00000590                CAN0_Wake_Up_IRQHandler
                0x00000590                CMP0_IRQHandler
                0x00000590                Reserved52_IRQHandler
                0x00000590                DMA6_IRQHandler
                0x00000590                FTM1_Ch0_Ch1_IRQHandler
                0x00000590                FLEXIO_IRQHandler
                0x00000590                DMA1_IRQHandler
                0x00000590                Reserved113_IRQHandler
 .text          0x00000594      0x378 c:/nxp/s32ds.3.4/s32ds/build_tools/gcc_v6.3/gcc-6.3-arm32-eabi/bin/../lib/gcc/arm-none-eabi/6.3.1/thumb/v7e-m\libgcc.a(_arm_addsubdf3.o)
                0x00000594                __aeabi_drsub
                0x0000059c                __aeabi_dsub
                0x0000059c                __subdf3
                0x000005a0                __aeabi_dadd
                0x000005a0                __adddf3
                0x00000818                __floatunsidf
                0x00000818                __aeabi_ui2d
                0x00000838                __floatsidf
                0x00000838                __aeabi_i2d
                0x0000085c                __aeabi_f2d
                0x0000085c                __extendsfdf2
                0x000008a0                __floatundidf
                0x000008a0                __aeabi_ul2d
                0x000008b0                __floatdidf
                0x000008b0                __aeabi_l2d
 .text          0x0000090c      0x424 c:/nxp/s32ds.3.4/s32ds/build_tools/gcc_v6.3/gcc-6.3-arm32-eabi/bin/../lib/gcc/arm-none-eabi/6.3.1/thumb/v7e-m\libgcc.a(_arm_muldivdf3.o)
                0x0000090c                __aeabi_dmul
                0x0000090c                __muldf3
                0x00000b60                __divdf3
                0x00000b60                __aeabi_ddiv
 .text          0x00000d30      0x110 c:/nxp/s32ds.3.4/s32ds/build_tools/gcc_v6.3/gcc-6.3-arm32-eabi/bin/../lib/gcc/arm-none-eabi/6.3.1/thumb/v7e-m\libgcc.a(_arm_cmpdf2.o)
                0x00000d30                __gtdf2
                0x00000d30                __gedf2
                0x00000d38                __ltdf2
                0x00000d38                __ledf2
                0x00000d40                __nedf2
                0x00000d40                __eqdf2
                0x00000d40                __cmpdf2
                0x00000dbc                __aeabi_cdrcmple
                0x00000dcc                __aeabi_cdcmpeq
                0x00000dcc                __aeabi_cdcmple
                0x00000ddc                __aeabi_dcmpeq
                0x00000df0                __aeabi_dcmplt
                0x00000e04                __aeabi_dcmple
                0x00000e18                __aeabi_dcmpge
                0x00000e2c                __aeabi_dcmpgt
 .text          0x00000e40       0x2c c:/nxp/s32ds.3.4/s32ds/build_tools/gcc_v6.3/gcc-6.3-arm32-eabi/bin/../lib/gcc/arm-none-eabi/6.3.1/thumb/v7e-m\libgcc.a(_arm_unorddf2.o)
                0x00000e40                __unorddf2
                0x00000e40                __aeabi_dcmpun
 .text          0x00000e6c       0x40 c:/nxp/s32ds.3.4/s32ds/build_tools/gcc_v6.3/gcc-6.3-arm32-eabi/bin/../lib/gcc/arm-none-eabi/6.3.1/thumb/v7e-m\libgcc.a(_arm_fixunsdfsi.o)
                0x00000e6c                __aeabi_d2uiz
                0x00000e6c                __fixunsdfsi
 *(.text*)
 .text.init_data_bss
                0x00000eac      0x128 ./Project_Settings/Startup_Code/startup.o
                0x00000eac                init_data_bss
 .text.SystemInit
                0x00000fd4       0x30 ./Project_Settings/Startup_Code/system_S32K144.o
                0x00000fd4                SystemInit
 .text.NVIC_EnableIRQ
                0x00001004       0x3c ./core/Core_NVIC.o
                0x00001004                NVIC_EnableIRQ
 .text.SysTick_Handler
                0x00001040       0x1c ./core/Core_Systick.o
                0x00001040                SysTick_Handler
 .text.SysTick_Init
                0x0000105c       0x3c ./core/Core_Systick.o
                0x0000105c                SysTick_Init
 .text.millis   0x00001098       0x14 ./core/Core_Systick.o
                0x00001098                millis
 .text.delay_ms
                0x000010ac       0x28 ./core/Core_Systick.o
                0x000010ac                delay_ms
 .text.ADC_Init
                0x000010d4      0x16c ./drivers/Driver_ADC.o
                0x000010d4                ADC_Init
 .text.ADC_Read
                0x00001240       0x18 ./drivers/Driver_ADC.o
                0x00001240                ADC_Read
 .text.GPIO_Setup
                0x00001258      0x104 ./drivers/Driver_GPIO.o
 .text.GPIO_SetDirection
                0x0000135c       0xbc ./drivers/Driver_GPIO.o
 .text.GPIO_SetOutputMode
                0x00001418       0x44 ./drivers/Driver_GPIO.o
 .text.GPIO_SetPullResistor
                0x0000145c       0xd8 ./drivers/Driver_GPIO.o
 .text.GPIO_SetEventTrigger
                0x00001534       0xfc ./drivers/Driver_GPIO.o
 .text.GPIO_SetOutput
                0x00001630       0x94 ./drivers/Driver_GPIO.o
 .text.GPIO_Toggle
                0x000016c4       0x7c ./drivers/Driver_GPIO.o
 .text.GPIO_GetInput
                0x00001740       0x88 ./drivers/Driver_GPIO.o
 .text.LPIT_Timer_Init
                0x000017c8      0x120 ./drivers/Driver_LPIT.o
                0x000017c8                LPIT_Timer_Init
 .text.Reset_timer_value
                0x000018e8       0x28 ./drivers/Driver_LPIT.o
                0x000018e8                Reset_timer_value
 .text.Start_timer
                0x00001910       0x34 ./drivers/Driver_LPIT.o
                0x00001910                Start_timer
 .text.Stop_timer
                0x00001944       0x34 ./drivers/Driver_LPIT.o
                0x00001944                Stop_timer
 .text.UART1_Enable
                0x00001978       0xa8 ./drivers/Driver_UART.o
                0x00001978                UART1_Enable
 .text.UART1_DefaultBaudrate
                0x00001a20       0x4c ./drivers/Driver_UART.o
                0x00001a20                UART1_DefaultBaudrate
 .text.UART1_ConfigFrame
                0x00001a6c      0x158 ./drivers/Driver_UART.o
                0x00001a6c                UART1_ConfigFrame
 .text.UART1_SetHandler
                0x00001bc4       0x1c ./drivers/Driver_UART.o
                0x00001bc4                UART1_SetHandler
 .text.UART1_Init
                0x00001be0       0x2e ./drivers/Driver_UART.o
                0x00001be0                UART1_Init
 *fill*         0x00001c0e        0x2 
 .text.UART1_SendString
                0x00001c10       0x60 ./drivers/Driver_UART.o
                0x00001c10                UART1_SendString
 .text.UART1_ReceiveNonBlocking
                0x00001c70       0x40 ./drivers/Driver_UART.o
                0x00001c70                UART1_ReceiveNonBlocking
 .text.LPUART1_RxTx_IRQHandler
                0x00001cb0       0x3c ./drivers/Driver_UART.o
                0x00001cb0                LPUART1_RxTx_IRQHandler
 .text.LED_Init
                0x00001cec       0x54 ./middleware/Middleware.o
                0x00001cec                LED_Init
 .text.LED_Toggle
                0x00001d40       0x20 ./middleware/Middleware.o
                0x00001d40                LED_Toggle
 .text.LED_OFF  0x00001d60       0x20 ./middleware/Middleware.o
                0x00001d60                LED_OFF
 .text.Button_Init
                0x00001d80       0x74 ./middleware/Middleware.o
                0x00001d80                Button_Init
 .text.substring
                0x00001df4       0x30 ./src/Message.o
                0x00001df4                substring
 .text.calculateChecksum
                0x00001e24       0x2e ./src/Message.o
                0x00001e24                calculateChecksum
 *fill*         0x00001e52        0x2 
 .text.byteToHexStr
                0x00001e54       0x60 ./src/Message.o
                0x00001e54                byteToHexStr
 .text.createMessage
                0x00001eb4       0x3c ./src/Message.o
                0x00001eb4                createMessage
 .text.messageToHexString
                0x00001ef0       0x5e ./src/Message.o
                0x00001ef0                messageToHexString
 .text.CharToHex
                0x00001f4e       0x40 ./src/Message.o
                0x00001f4e                CharToHex
 *fill*         0x00001f8e        0x2 
 .text.StrtoHex
                0x00001f90       0xa8 ./src/Message.o
                0x00001f90                StrtoHex
 .text.ParseMessage
                0x00002038      0x100 ./src/main.o
                0x00002038                ParseMessage
 .text.Getdata  0x00002138       0x54 ./src/main.o
                0x00002138                Getdata
 .text.receiveAndProcessMessage
                0x0000218c       0x16 ./src/main.o
                0x0000218c                receiveAndProcessMessage
 *fill*         0x000021a2        0x2 
 .text.ADC0_IRQHandler
                0x000021a4      0x13c ./src/main.o
                0x000021a4                ADC0_IRQHandler
 .text.PORTC_IRQHandler
                0x000022e0      0x16c ./src/main.o
                0x000022e0                PORTC_IRQHandler
 .text.LPIT0_Ch0_IRQHandler
                0x0000244c      0x120 ./src/main.o
                0x0000244c                LPIT0_Ch0_IRQHandler
 .text.main     0x0000256c       0x9c ./src/main.o
                0x0000256c                main
 .text.pow      0x00002608      0x2c8 C:/NXP/S32DS.3.4/S32DS/build_tools/gcc_v6.3/gcc-6.3-arm32-eabi/arm-none-eabi/newlib/lib/thumb/v7e-m\libm.a(lib_a-w_pow.o)
                0x00002608                pow
 .text.__ieee754_pow
                0x000028d0      0x9e4 C:/NXP/S32DS.3.4/S32DS/build_tools/gcc_v6.3/gcc-6.3-arm32-eabi/arm-none-eabi/newlib/lib/thumb/v7e-m\libm.a(lib_a-e_pow.o)
                0x000028d0                __ieee754_pow
 .text.__ieee754_sqrt
                0x000032b4      0x158 C:/NXP/S32DS.3.4/S32DS/build_tools/gcc_v6.3/gcc-6.3-arm32-eabi/arm-none-eabi/newlib/lib/thumb/v7e-m\libm.a(lib_a-e_sqrt.o)
                0x000032b4                __ieee754_sqrt
 .text.fabs     0x0000340c        0x6 C:/NXP/S32DS.3.4/S32DS/build_tools/gcc_v6.3/gcc-6.3-arm32-eabi/arm-none-eabi/newlib/lib/thumb/v7e-m\libm.a(lib_a-s_fabs.o)
                0x0000340c                fabs
 .text.finite   0x00003412        0xc C:/NXP/S32DS.3.4/S32DS/build_tools/gcc_v6.3/gcc-6.3-arm32-eabi/arm-none-eabi/newlib/lib/thumb/v7e-m\libm.a(lib_a-s_finite.o)
                0x00003412                finite
 .text.matherr  0x0000341e        0x4 C:/NXP/S32DS.3.4/S32DS/build_tools/gcc_v6.3/gcc-6.3-arm32-eabi/arm-none-eabi/newlib/lib/thumb/v7e-m\libm.a(lib_a-s_matherr.o)
                0x0000341e                matherr
 *fill*         0x00003422        0x2 
 .text.nan      0x00003424        0xc C:/NXP/S32DS.3.4/S32DS/build_tools/gcc_v6.3/gcc-6.3-arm32-eabi/arm-none-eabi/newlib/lib/thumb/v7e-m\libm.a(lib_a-s_nan.o)
                0x00003424                nan
 .text.rint     0x00003430      0x110 C:/NXP/S32DS.3.4/S32DS/build_tools/gcc_v6.3/gcc-6.3-arm32-eabi/arm-none-eabi/newlib/lib/thumb/v7e-m\libm.a(lib_a-s_rint.o)
                0x00003430                rint
 .text.scalbn   0x00003540       0xdc C:/NXP/S32DS.3.4/S32DS/build_tools/gcc_v6.3/gcc-6.3-arm32-eabi/arm-none-eabi/newlib/lib/thumb/v7e-m\libm.a(lib_a-s_scalbn.o)
                0x00003540                scalbn
 .text.copysign
                0x0000361c        0xe C:/NXP/S32DS.3.4/S32DS/build_tools/gcc_v6.3/gcc-6.3-arm32-eabi/arm-none-eabi/newlib/lib/thumb/v7e-m\libm.a(lib_a-s_copysign.o)
                0x0000361c                copysign
 *fill*         0x0000362a        0x2 
 .text.__errno  0x0000362c        0xc C:/NXP/S32DS.3.4/S32DS/build_tools/gcc_v6.3/gcc-6.3-arm32-eabi/arm-none-eabi/newlib/lib/thumb/v7e-m\libc.a(lib_a-errno.o)
                0x0000362c                __errno
 .text.exit     0x00003638       0x20 C:/NXP/S32DS.3.4/S32DS/build_tools/gcc_v6.3/gcc-6.3-arm32-eabi/arm-none-eabi/newlib/lib/thumb/v7e-m\libc.a(lib_a-exit.o)
                0x00003638                exit
 .text.__libc_init_array
                0x00003658       0x48 C:/NXP/S32DS.3.4/S32DS/build_tools/gcc_v6.3/gcc-6.3-arm32-eabi/arm-none-eabi/newlib/lib/thumb/v7e-m\libc.a(lib_a-init.o)
                0x00003658                __libc_init_array
 .text.memset   0x000036a0       0x10 C:/NXP/S32DS.3.4/S32DS/build_tools/gcc_v6.3/gcc-6.3-arm32-eabi/arm-none-eabi/newlib/lib/thumb/v7e-m\libc.a(lib_a-memset.o)
                0x000036a0                memset
 .text.strncpy  0x000036b0       0x2a C:/NXP/S32DS.3.4/S32DS/build_tools/gcc_v6.3/gcc-6.3-arm32-eabi/arm-none-eabi/newlib/lib/thumb/v7e-m\libc.a(lib_a-strncpy.o)
                0x000036b0                strncpy
 *fill*         0x000036da        0x2 
 .text.startup.register_fini
                0x000036dc       0x14 C:/NXP/S32DS.3.4/S32DS/build_tools/gcc_v6.3/gcc-6.3-arm32-eabi/arm-none-eabi/newlib/lib/thumb/v7e-m\libc.a(lib_a-__call_atexit.o)
 .text.__call_exitprocs
                0x000036f0       0xc8 C:/NXP/S32DS.3.4/S32DS/build_tools/gcc_v6.3/gcc-6.3-arm32-eabi/arm-none-eabi/newlib/lib/thumb/v7e-m\libc.a(lib_a-__call_atexit.o)
                0x000036f0                __call_exitprocs
 .text.__libc_fini_array
                0x000037b8       0x28 C:/NXP/S32DS.3.4/S32DS/build_tools/gcc_v6.3/gcc-6.3-arm32-eabi/arm-none-eabi/newlib/lib/thumb/v7e-m\libc.a(lib_a-fini.o)
                0x000037b8                __libc_fini_array
 .text.atexit   0x000037e0        0xc C:/NXP/S32DS.3.4/S32DS/build_tools/gcc_v6.3/gcc-6.3-arm32-eabi/arm-none-eabi/newlib/lib/thumb/v7e-m\libc.a(lib_a-atexit.o)
                0x000037e0                atexit
 .text.__register_exitproc
                0x000037ec       0x98 C:/NXP/S32DS.3.4/S32DS/build_tools/gcc_v6.3/gcc-6.3-arm32-eabi/arm-none-eabi/newlib/lib/thumb/v7e-m\libc.a(lib_a-__atexit.o)
                0x000037ec                __register_exitproc
 .text._exit    0x00003884        0x2 C:/NXP/S32DS.3.4/S32DS/build_tools/gcc_v6.3/gcc-6.3-arm32-eabi/arm-none-eabi/newlib/lib/thumb/v7e-m\libnosys.a(_exit.o)
                0x00003884                _exit
 *(.rodata)
 *fill*         0x00003886        0x2 
 .rodata        0x00003888       0x11 ./src/Message.o
 *(.rodata*)
 *fill*         0x00003899        0x3 
 .rodata.Driver_GPIO
                0x0000389c       0x20 ./drivers/Driver_GPIO.o
                0x0000389c                Driver_GPIO
 .rodata.pow.str1.1
                0x000038bc        0x4 C:/NXP/S32DS.3.4/S32DS/build_tools/gcc_v6.3/gcc-6.3-arm32-eabi/arm-none-eabi/newlib/lib/thumb/v7e-m\libm.a(lib_a-w_pow.o)
 .rodata.__ieee754_pow.str1.1
                0x000038c0        0x4 C:/NXP/S32DS.3.4/S32DS/build_tools/gcc_v6.3/gcc-6.3-arm32-eabi/arm-none-eabi/newlib/lib/thumb/v7e-m\libm.a(lib_a-e_pow.o)
                                  0x1 (size before relaxing)
 .rodata.bp     0x000038c0       0x10 C:/NXP/S32DS.3.4/S32DS/build_tools/gcc_v6.3/gcc-6.3-arm32-eabi/arm-none-eabi/newlib/lib/thumb/v7e-m\libm.a(lib_a-e_pow.o)
 .rodata.dp_h   0x000038d0       0x10 C:/NXP/S32DS.3.4/S32DS/build_tools/gcc_v6.3/gcc-6.3-arm32-eabi/arm-none-eabi/newlib/lib/thumb/v7e-m\libm.a(lib_a-e_pow.o)
 .rodata.dp_l   0x000038e0       0x10 C:/NXP/S32DS.3.4/S32DS/build_tools/gcc_v6.3/gcc-6.3-arm32-eabi/arm-none-eabi/newlib/lib/thumb/v7e-m\libm.a(lib_a-e_pow.o)
 .rodata.TWO52  0x000038f0       0x10 C:/NXP/S32DS.3.4/S32DS/build_tools/gcc_v6.3/gcc-6.3-arm32-eabi/arm-none-eabi/newlib/lib/thumb/v7e-m\libm.a(lib_a-s_rint.o)
 .rodata._global_impure_ptr
                0x00003900        0x4 C:/NXP/S32DS.3.4/S32DS/build_tools/gcc_v6.3/gcc-6.3-arm32-eabi/arm-none-eabi/newlib/lib/thumb/v7e-m\libc.a(lib_a-impure.o)
                0x00003900                _global_impure_ptr
 *(.glue_7)
 .glue_7        0x00003904        0x0 linker stubs
 *(.glue_7t)
 .glue_7t       0x00003904        0x0 linker stubs
 *(.eh_frame)
 .eh_frame      0x00003904        0x0 c:/nxp/s32ds.3.4/s32ds/build_tools/gcc_v6.3/gcc-6.3-arm32-eabi/bin/../lib/gcc/arm-none-eabi/6.3.1/thumb/v7e-m/crtbegin.o
 *(.init)
 .init          0x00003904        0x4 c:/nxp/s32ds.3.4/s32ds/build_tools/gcc_v6.3/gcc-6.3-arm32-eabi/bin/../lib/gcc/arm-none-eabi/6.3.1/thumb/v7e-m/crti.o
                0x00003904                _init
 .init          0x00003908        0x8 c:/nxp/s32ds.3.4/s32ds/build_tools/gcc_v6.3/gcc-6.3-arm32-eabi/bin/../lib/gcc/arm-none-eabi/6.3.1/thumb/v7e-m/crtn.o
 *(.fini)
 .fini          0x00003910        0x4 c:/nxp/s32ds.3.4/s32ds/build_tools/gcc_v6.3/gcc-6.3-arm32-eabi/bin/../lib/gcc/arm-none-eabi/6.3.1/thumb/v7e-m/crti.o
                0x00003910                _fini
 .fini          0x00003914        0x8 c:/nxp/s32ds.3.4/s32ds/build_tools/gcc_v6.3/gcc-6.3-arm32-eabi/bin/../lib/gcc/arm-none-eabi/6.3.1/thumb/v7e-m/crtn.o
                0x0000391c                . = ALIGN (0x4)

.vfp11_veneer   0x0000391c        0x0
 .vfp11_veneer  0x0000391c        0x0 linker stubs

.v4_bx          0x0000391c        0x0
 .v4_bx         0x0000391c        0x0 linker stubs

.iplt           0x0000391c        0x0
 .iplt          0x0000391c        0x0 c:/nxp/s32ds.3.4/s32ds/build_tools/gcc_v6.3/gcc-6.3-arm32-eabi/bin/../lib/gcc/arm-none-eabi/6.3.1/thumb/v7e-m/crtbegin.o

.ARM.extab
 *(.ARM.extab* .gnu.linkonce.armextab.*)

.ARM            0x0000391c        0x8
                0x0000391c                __exidx_start = .
 *(.ARM.exidx*)
 .ARM.exidx     0x0000391c        0x8 C:/NXP/S32DS.3.4/S32DS/build_tools/gcc_v6.3/gcc-6.3-arm32-eabi/arm-none-eabi/newlib/lib/thumb/v7e-m/crt0.o
                0x00003924                __exidx_end = .

.rel.dyn        0x00003924        0x0
 .rel.iplt      0x00003924        0x0 c:/nxp/s32ds.3.4/s32ds/build_tools/gcc_v6.3/gcc-6.3-arm32-eabi/bin/../lib/gcc/arm-none-eabi/6.3.1/thumb/v7e-m/crtbegin.o

.ctors          0x00003924        0x0
                0x00003924                __CTOR_LIST__ = .
 *crtbegin.o(.ctors)
 *crtbegin?.o(.ctors)
 *(EXCLUDE_FILE(*crtend.o *crtend?.o) .ctors)
 *(SORT(.ctors.*))
 *(.ctors)
                0x00003924                __CTOR_END__ = .

.dtors          0x00003924        0x0
                0x00003924                __DTOR_LIST__ = .
 *crtbegin.o(.dtors)
 *crtbegin?.o(.dtors)
 *(EXCLUDE_FILE(*crtend.o *crtend?.o) .dtors)
 *(SORT(.dtors.*))
 *(.dtors)
                0x00003924                __DTOR_END__ = .

.preinit_array  0x00003924        0x0
                0x00003924                PROVIDE (__preinit_array_start, .)
 *(.preinit_array*)
                0x00003924                PROVIDE (__preinit_array_end, .)

.init_array     0x00003924        0x8
                0x00003924                PROVIDE (__init_array_start, .)
 *(SORT(.init_array.*))
 .init_array.00000
                0x00003924        0x4 C:/NXP/S32DS.3.4/S32DS/build_tools/gcc_v6.3/gcc-6.3-arm32-eabi/arm-none-eabi/newlib/lib/thumb/v7e-m\libc.a(lib_a-__call_atexit.o)
 *(.init_array*)
 .init_array    0x00003928        0x4 c:/nxp/s32ds.3.4/s32ds/build_tools/gcc_v6.3/gcc-6.3-arm32-eabi/bin/../lib/gcc/arm-none-eabi/6.3.1/thumb/v7e-m/crtbegin.o
                0x0000392c                PROVIDE (__init_array_end, .)

.fini_array     0x0000392c        0x4
                0x0000392c                PROVIDE (__fini_array_start, .)
 *(SORT(.fini_array.*))
 *(.fini_array*)
 .fini_array    0x0000392c        0x4 c:/nxp/s32ds.3.4/s32ds/build_tools/gcc_v6.3/gcc-6.3-arm32-eabi/bin/../lib/gcc/arm-none-eabi/6.3.1/thumb/v7e-m/crtbegin.o
                0x00003930                PROVIDE (__fini_array_end, .)
                0x00003930                __etext = .
                0x00003930                __DATA_ROM = .

.interrupts_ram
                0x1fff8000      0x400
                0x1fff8000                . = ALIGN (0x4)
                0x1fff8000                __VECTOR_RAM__ = .
                0x1fff8000                __RAM_START = .
                0x1fff8000                __interrupts_ram_start__ = .
 *(.m_interrupts_ram)
                0x1fff8400                . = (. + M_VECTOR_RAM_SIZE)
 *fill*         0x1fff8000      0x400 
                0x1fff8400                . = ALIGN (0x4)
                0x1fff8400                __interrupts_ram_end__ = .
                0x1fff8000                __VECTOR_RAM = DEFINED (__flash_vector_table__)?ORIGIN (m_interrupts):__VECTOR_RAM__
                0x00000400                __RAM_VECTOR_TABLE_SIZE = DEFINED (__flash_vector_table__)?0x0:(__interrupts_ram_end__ - __interrupts_ram_start__)

.data           0x1fff8400      0x42c load address 0x00003930
                0x1fff8400                . = ALIGN (0x4)
                0x1fff8400                __DATA_RAM = .
                0x1fff8400                __data_start__ = .
 *(.data)
 *(.data*)
 .data.GPIO_drv
                0x1fff8400        0x4 ./middleware/Middleware.o
 .data.__fdlib_version
                0x1fff8404        0x1 C:/NXP/S32DS.3.4/S32DS/build_tools/gcc_v6.3/gcc-6.3-arm32-eabi/arm-none-eabi/newlib/lib/thumb/v7e-m\libm.a(lib_a-s_lib_ver.o)
                0x1fff8404                __fdlib_version
 *fill*         0x1fff8405        0x3 
 .data._impure_ptr
                0x1fff8408        0x4 C:/NXP/S32DS.3.4/S32DS/build_tools/gcc_v6.3/gcc-6.3-arm32-eabi/arm-none-eabi/newlib/lib/thumb/v7e-m\libc.a(lib_a-impure.o)
                0x1fff8408                _impure_ptr
 *fill*         0x1fff840c        0x4 
 .data.impure_data
                0x1fff8410      0x418 C:/NXP/S32DS.3.4/S32DS/build_tools/gcc_v6.3/gcc-6.3-arm32-eabi/arm-none-eabi/newlib/lib/thumb/v7e-m\libc.a(lib_a-impure.o)
 *(.jcr*)
 .jcr           0x1fff8828        0x0 c:/nxp/s32ds.3.4/s32ds/build_tools/gcc_v6.3/gcc-6.3-arm32-eabi/bin/../lib/gcc/arm-none-eabi/6.3.1/thumb/v7e-m/crtbegin.o
 .jcr           0x1fff8828        0x4 c:/nxp/s32ds.3.4/s32ds/build_tools/gcc_v6.3/gcc-6.3-arm32-eabi/bin/../lib/gcc/arm-none-eabi/6.3.1/thumb/v7e-m/crtend.o
                0x1fff882c                . = ALIGN (0x4)
                0x1fff882c                __data_end__ = .
                0x00003d5c                __DATA_END = (__DATA_ROM + (__data_end__ - __data_start__))
                0x00003d5c                __CODE_ROM = __DATA_END

.tm_clone_table
                0x1fff882c        0x0 load address 0x00003d5c
 .tm_clone_table
                0x1fff882c        0x0 c:/nxp/s32ds.3.4/s32ds/build_tools/gcc_v6.3/gcc-6.3-arm32-eabi/bin/../lib/gcc/arm-none-eabi/6.3.1/thumb/v7e-m/crtbegin.o
 .tm_clone_table
                0x1fff882c        0x0 c:/nxp/s32ds.3.4/s32ds/build_tools/gcc_v6.3/gcc-6.3-arm32-eabi/bin/../lib/gcc/arm-none-eabi/6.3.1/thumb/v7e-m/crtend.o

.igot.plt       0x1fff882c        0x0 load address 0x00003d5c
 .igot.plt      0x1fff882c        0x0 c:/nxp/s32ds.3.4/s32ds/build_tools/gcc_v6.3/gcc-6.3-arm32-eabi/bin/../lib/gcc/arm-none-eabi/6.3.1/thumb/v7e-m/crtbegin.o

.code           0x1fff882c        0x0 load address 0x00003d5c
                0x1fff882c                . = ALIGN (0x4)
                0x1fff882c                __CODE_RAM = .
                0x1fff882c                __code_start__ = .
                0x1fff882c                __code_ram_start__ = .
 *(.code_ram)
                0x1fff882c                . = ALIGN (0x4)
                0x1fff882c                __code_end__ = .
                0x1fff882c                __code_ram_end__ = .
                0x00003d5c                __CODE_END = (__CODE_ROM + (__code_end__ - __code_start__))
                0x00003d5c                __CUSTOM_ROM = __CODE_END

.customSectionBlock
                0x20000000        0x0 load address 0x00003d5c
                0x20000000                __customSection_start__ = .
 *(.customSection)
                0x20000000                __customSection_end__ = .
                0x00003d5c                __CUSTOM_END = (__CUSTOM_ROM + (__customSection_end__ - __customSection_start__))

.bss            0x20000000       0x58
                0x20000000                . = ALIGN (0x4)
                0x20000000                __BSS_START = .
                0x20000000                __bss_start__ = .
 *(.bss)
 .bss           0x20000000       0x1c c:/nxp/s32ds.3.4/s32ds/build_tools/gcc_v6.3/gcc-6.3-arm32-eabi/bin/../lib/gcc/arm-none-eabi/6.3.1/thumb/v7e-m/crtbegin.o
 *(.bss*)
 .bss.milliseconds
                0x2000001c        0x4 ./core/Core_Systick.o
                0x2000001c                milliseconds
 .bss.gpio_event_cb
                0x20000020        0x4 ./drivers/Driver_GPIO.o
 .bss.FunctionCall
                0x20000024        0x4 ./drivers/Driver_UART.o
 .bss.buttonPressed
                0x20000028        0x1 ./src/main.o
                0x20000028                buttonPressed
 *fill*         0x20000029        0x3 
 .bss.timerCounter
                0x2000002c        0x4 ./src/main.o
                0x2000002c                timerCounter
 .bss.previous_volume_value
                0x20000030        0x2 ./src/main.o
                0x20000030                previous_volume_value
 .bss.i         0x20000032        0x1 ./src/main.o
                0x20000032                i
 .bss.messageReceived
                0x20000033        0x1 ./src/main.o
                0x20000033                messageReceived
 .bss.play      0x20000034        0x1 ./src/main.o
                0x20000034                play
 *(COMMON)
 *fill*         0x20000035        0x3 
 COMMON         0x20000038       0x1d ./src/main.o
                0x20000038                p
                0x20000040                temp_str_volume
                0x2000004a                ADC_Value
                0x2000004c                temp_str
                0x20000058                . = ALIGN (0x4)
 *fill*         0x20000055        0x3 
                0x20000058                __bss_end__ = .
                0x20000058                __BSS_END = .

.heap           0x20000058      0x400
                0x20000058                . = ALIGN (0x8)
                0x20000058                __end__ = .
                0x20000058                __heap_start__ = .
                [!provide]                PROVIDE (end, .)
                [!provide]                PROVIDE (_end, .)
                [!provide]                PROVIDE (__end, .)
                0x20000058                __HeapBase = .
                0x20000458                . = (. + HEAP_SIZE)
 *fill*         0x20000058      0x400 
                0x20000458                __HeapLimit = .
                0x20000458                __heap_limit = .
                0x20000458                __heap_end__ = .
                0x20007000                __StackTop = (ORIGIN (m_data_2) + LENGTH (m_data_2))
                0x20006c00                __StackLimit = (__StackTop - STACK_SIZE)
                0x20007000                PROVIDE (__stack, __StackTop)
                0x20007000                __RAM_END = __StackTop

.stack          0x20006c00      0x400
                0x20006c00                . = ALIGN (0x8)
                0x20006c00                __stack_start__ = .
                0x20007000                . = (. + STACK_SIZE)
 *fill*         0x20006c00      0x400 
                0x20007000                __stack_end__ = .
                0x20000000                __START_BSS = __BSS_START
                0x20000058                __END_BSS = __BSS_END
                0x20007000                __SP_INIT = __StackTop

.ARM.attributes
                0x00000000       0x2a
 *(.ARM.attributes)
 .ARM.attributes
                0x00000000       0x1e c:/nxp/s32ds.3.4/s32ds/build_tools/gcc_v6.3/gcc-6.3-arm32-eabi/bin/../lib/gcc/arm-none-eabi/6.3.1/thumb/v7e-m/crti.o
 .ARM.attributes
                0x0000001e       0x2e c:/nxp/s32ds.3.4/s32ds/build_tools/gcc_v6.3/gcc-6.3-arm32-eabi/bin/../lib/gcc/arm-none-eabi/6.3.1/thumb/v7e-m/crtbegin.o
 .ARM.attributes
                0x0000004c       0x1c C:/NXP/S32DS.3.4/S32DS/build_tools/gcc_v6.3/gcc-6.3-arm32-eabi/arm-none-eabi/newlib/lib/thumb/v7e-m/crt0.o
 .ARM.attributes
                0x00000068       0x33 ./Project_Settings/Startup_Code/startup.o
 .ARM.attributes
                0x0000009b       0x1b ./Project_Settings/Startup_Code/startup_S32K144.o
 .ARM.attributes
                0x000000b6       0x33 ./Project_Settings/Startup_Code/system_S32K144.o
 .ARM.attributes
                0x000000e9       0x33 ./core/Core_NVIC.o
 .ARM.attributes
                0x0000011c       0x33 ./core/Core_Systick.o
 .ARM.attributes
                0x0000014f       0x33 ./drivers/Driver_ADC.o
 .ARM.attributes
                0x00000182       0x33 ./drivers/Driver_GPIO.o
 .ARM.attributes
                0x000001b5       0x33 ./drivers/Driver_LPIT.o
 .ARM.attributes
                0x000001e8       0x33 ./drivers/Driver_UART.o
 .ARM.attributes
                0x0000021b       0x33 ./middleware/Middleware.o
 .ARM.attributes
                0x0000024e       0x33 ./src/Message.o
 .ARM.attributes
                0x00000281       0x33 ./src/main.o
 .ARM.attributes
                0x000002b4       0x2e C:/NXP/S32DS.3.4/S32DS/build_tools/gcc_v6.3/gcc-6.3-arm32-eabi/arm-none-eabi/newlib/lib/thumb/v7e-m\libm.a(lib_a-w_pow.o)
 .ARM.attributes
                0x000002e2       0x2e C:/NXP/S32DS.3.4/S32DS/build_tools/gcc_v6.3/gcc-6.3-arm32-eabi/arm-none-eabi/newlib/lib/thumb/v7e-m\libm.a(lib_a-e_pow.o)
 .ARM.attributes
                0x00000310       0x2e C:/NXP/S32DS.3.4/S32DS/build_tools/gcc_v6.3/gcc-6.3-arm32-eabi/arm-none-eabi/newlib/lib/thumb/v7e-m\libm.a(lib_a-e_sqrt.o)
 .ARM.attributes
                0x0000033e       0x2e C:/NXP/S32DS.3.4/S32DS/build_tools/gcc_v6.3/gcc-6.3-arm32-eabi/arm-none-eabi/newlib/lib/thumb/v7e-m\libm.a(lib_a-s_fabs.o)
 .ARM.attributes
                0x0000036c       0x2e C:/NXP/S32DS.3.4/S32DS/build_tools/gcc_v6.3/gcc-6.3-arm32-eabi/arm-none-eabi/newlib/lib/thumb/v7e-m\libm.a(lib_a-s_finite.o)
 .ARM.attributes
                0x0000039a       0x2e C:/NXP/S32DS.3.4/S32DS/build_tools/gcc_v6.3/gcc-6.3-arm32-eabi/arm-none-eabi/newlib/lib/thumb/v7e-m\libm.a(lib_a-s_lib_ver.o)
 .ARM.attributes
                0x000003c8       0x2e C:/NXP/S32DS.3.4/S32DS/build_tools/gcc_v6.3/gcc-6.3-arm32-eabi/arm-none-eabi/newlib/lib/thumb/v7e-m\libm.a(lib_a-s_matherr.o)
 .ARM.attributes
                0x000003f6       0x2e C:/NXP/S32DS.3.4/S32DS/build_tools/gcc_v6.3/gcc-6.3-arm32-eabi/arm-none-eabi/newlib/lib/thumb/v7e-m\libm.a(lib_a-s_nan.o)
 .ARM.attributes
                0x00000424       0x2e C:/NXP/S32DS.3.4/S32DS/build_tools/gcc_v6.3/gcc-6.3-arm32-eabi/arm-none-eabi/newlib/lib/thumb/v7e-m\libm.a(lib_a-s_rint.o)
 .ARM.attributes
                0x00000452       0x2e C:/NXP/S32DS.3.4/S32DS/build_tools/gcc_v6.3/gcc-6.3-arm32-eabi/arm-none-eabi/newlib/lib/thumb/v7e-m\libm.a(lib_a-s_scalbn.o)
 .ARM.attributes
                0x00000480       0x2e C:/NXP/S32DS.3.4/S32DS/build_tools/gcc_v6.3/gcc-6.3-arm32-eabi/arm-none-eabi/newlib/lib/thumb/v7e-m\libm.a(lib_a-s_copysign.o)
 .ARM.attributes
                0x000004ae       0x1e c:/nxp/s32ds.3.4/s32ds/build_tools/gcc_v6.3/gcc-6.3-arm32-eabi/bin/../lib/gcc/arm-none-eabi/6.3.1/thumb/v7e-m\libgcc.a(_arm_addsubdf3.o)
 .ARM.attributes
                0x000004cc       0x1e c:/nxp/s32ds.3.4/s32ds/build_tools/gcc_v6.3/gcc-6.3-arm32-eabi/bin/../lib/gcc/arm-none-eabi/6.3.1/thumb/v7e-m\libgcc.a(_arm_muldivdf3.o)
 .ARM.attributes
                0x000004ea       0x1e c:/nxp/s32ds.3.4/s32ds/build_tools/gcc_v6.3/gcc-6.3-arm32-eabi/bin/../lib/gcc/arm-none-eabi/6.3.1/thumb/v7e-m\libgcc.a(_arm_cmpdf2.o)
 .ARM.attributes
                0x00000508       0x1e c:/nxp/s32ds.3.4/s32ds/build_tools/gcc_v6.3/gcc-6.3-arm32-eabi/bin/../lib/gcc/arm-none-eabi/6.3.1/thumb/v7e-m\libgcc.a(_arm_unorddf2.o)
 .ARM.attributes
                0x00000526       0x1e c:/nxp/s32ds.3.4/s32ds/build_tools/gcc_v6.3/gcc-6.3-arm32-eabi/bin/../lib/gcc/arm-none-eabi/6.3.1/thumb/v7e-m\libgcc.a(_arm_fixunsdfsi.o)
 .ARM.attributes
                0x00000544       0x2e C:/NXP/S32DS.3.4/S32DS/build_tools/gcc_v6.3/gcc-6.3-arm32-eabi/arm-none-eabi/newlib/lib/thumb/v7e-m\libc.a(lib_a-errno.o)
 .ARM.attributes
                0x00000572       0x2e C:/NXP/S32DS.3.4/S32DS/build_tools/gcc_v6.3/gcc-6.3-arm32-eabi/arm-none-eabi/newlib/lib/thumb/v7e-m\libc.a(lib_a-exit.o)
 .ARM.attributes
                0x000005a0       0x2e C:/NXP/S32DS.3.4/S32DS/build_tools/gcc_v6.3/gcc-6.3-arm32-eabi/arm-none-eabi/newlib/lib/thumb/v7e-m\libc.a(lib_a-impure.o)
 .ARM.attributes
                0x000005ce       0x2e C:/NXP/S32DS.3.4/S32DS/build_tools/gcc_v6.3/gcc-6.3-arm32-eabi/arm-none-eabi/newlib/lib/thumb/v7e-m\libc.a(lib_a-init.o)
 .ARM.attributes
                0x000005fc       0x2e C:/NXP/S32DS.3.4/S32DS/build_tools/gcc_v6.3/gcc-6.3-arm32-eabi/arm-none-eabi/newlib/lib/thumb/v7e-m\libc.a(lib_a-memset.o)
 .ARM.attributes
                0x0000062a       0x2e C:/NXP/S32DS.3.4/S32DS/build_tools/gcc_v6.3/gcc-6.3-arm32-eabi/arm-none-eabi/newlib/lib/thumb/v7e-m\libc.a(lib_a-strncpy.o)
 .ARM.attributes
                0x00000658       0x2e C:/NXP/S32DS.3.4/S32DS/build_tools/gcc_v6.3/gcc-6.3-arm32-eabi/arm-none-eabi/newlib/lib/thumb/v7e-m\libc.a(lib_a-__call_atexit.o)
 .ARM.attributes
                0x00000686       0x2e C:/NXP/S32DS.3.4/S32DS/build_tools/gcc_v6.3/gcc-6.3-arm32-eabi/arm-none-eabi/newlib/lib/thumb/v7e-m\libc.a(lib_a-fini.o)
 .ARM.attributes
                0x000006b4       0x2e C:/NXP/S32DS.3.4/S32DS/build_tools/gcc_v6.3/gcc-6.3-arm32-eabi/arm-none-eabi/newlib/lib/thumb/v7e-m\libc.a(lib_a-atexit.o)
 .ARM.attributes
                0x000006e2       0x2e C:/NXP/S32DS.3.4/S32DS/build_tools/gcc_v6.3/gcc-6.3-arm32-eabi/arm-none-eabi/newlib/lib/thumb/v7e-m\libc.a(lib_a-__atexit.o)
 .ARM.attributes
                0x00000710       0x2e C:/NXP/S32DS.3.4/S32DS/build_tools/gcc_v6.3/gcc-6.3-arm32-eabi/arm-none-eabi/newlib/lib/thumb/v7e-m\libnosys.a(_exit.o)
 .ARM.attributes
                0x0000073e       0x2e c:/nxp/s32ds.3.4/s32ds/build_tools/gcc_v6.3/gcc-6.3-arm32-eabi/bin/../lib/gcc/arm-none-eabi/6.3.1/thumb/v7e-m/crtend.o
 .ARM.attributes
                0x0000076c       0x1e c:/nxp/s32ds.3.4/s32ds/build_tools/gcc_v6.3/gcc-6.3-arm32-eabi/bin/../lib/gcc/arm-none-eabi/6.3.1/thumb/v7e-m/crtn.o
                0x00000001                ASSERT ((__StackLimit >= __HeapLimit), region m_data_2 overflowed with stack and heap)
OUTPUT(MCU_G4.elf elf32-littlearm)

.comment        0x00000000       0xa0
 .comment       0x00000000       0xa0 c:/nxp/s32ds.3.4/s32ds/build_tools/gcc_v6.3/gcc-6.3-arm32-eabi/bin/../lib/gcc/arm-none-eabi/6.3.1/thumb/v7e-m/crtbegin.o
                                 0xa1 (size before relaxing)
 .comment       0x000000a0       0xa1 ./Project_Settings/Startup_Code/startup.o
 .comment       0x000000a0       0xa1 ./Project_Settings/Startup_Code/system_S32K144.o
 .comment       0x000000a0       0xa1 ./core/Core_NVIC.o
 .comment       0x000000a0       0xa1 ./core/Core_Systick.o
 .comment       0x000000a0       0xa1 ./drivers/Driver_ADC.o
 .comment       0x000000a0       0xa1 ./drivers/Driver_GPIO.o
 .comment       0x000000a0       0xa1 ./drivers/Driver_LPIT.o
 .comment       0x000000a0       0xa1 ./drivers/Driver_UART.o
 .comment       0x000000a0       0xa1 ./middleware/Middleware.o
 .comment       0x000000a0       0xa1 ./src/Message.o
 .comment       0x000000a0       0xa1 ./src/main.o
 .comment       0x000000a0       0xa1 c:/nxp/s32ds.3.4/s32ds/build_tools/gcc_v6.3/gcc-6.3-arm32-eabi/bin/../lib/gcc/arm-none-eabi/6.3.1/thumb/v7e-m/crtend.o

.debug_info     0x00000000     0x6bc5
 .debug_info    0x00000000      0x471 ./Project_Settings/Startup_Code/startup.o
 .debug_info    0x00000471       0x26 ./Project_Settings/Startup_Code/startup_S32K144.o
 .debug_info    0x00000497      0x522 ./Project_Settings/Startup_Code/system_S32K144.o
 .debug_info    0x000009b9      0x4c9 ./core/Core_NVIC.o
 .debug_info    0x00000e82      0x3cf ./core/Core_Systick.o
 .debug_info    0x00001251      0x7ab ./drivers/Driver_ADC.o
 .debug_info    0x000019fc      0xa93 ./drivers/Driver_GPIO.o
 .debug_info    0x0000248f      0xeb2 ./drivers/Driver_LPIT.o
 .debug_info    0x00003341      0xa74 ./drivers/Driver_UART.o
 .debug_info    0x00003db5      0xdbc ./middleware/Middleware.o
 .debug_info    0x00004b71      0xb2e ./src/Message.o
 .debug_info    0x0000569f     0x1526 ./src/main.o

.debug_abbrev   0x00000000     0x1296
 .debug_abbrev  0x00000000      0x108 ./Project_Settings/Startup_Code/startup.o
 .debug_abbrev  0x00000108       0x14 ./Project_Settings/Startup_Code/startup_S32K144.o
 .debug_abbrev  0x0000011c      0x125 ./Project_Settings/Startup_Code/system_S32K144.o
 .debug_abbrev  0x00000241      0x105 ./core/Core_NVIC.o
 .debug_abbrev  0x00000346      0x11c ./core/Core_Systick.o
 .debug_abbrev  0x00000462      0x133 ./drivers/Driver_ADC.o
 .debug_abbrev  0x00000595      0x220 ./drivers/Driver_GPIO.o
 .debug_abbrev  0x000007b5      0x1f5 ./drivers/Driver_LPIT.o
 .debug_abbrev  0x000009aa      0x1fd ./drivers/Driver_UART.o
 .debug_abbrev  0x00000ba7      0x1dc ./middleware/Middleware.o
 .debug_abbrev  0x00000d83      0x225 ./src/Message.o
 .debug_abbrev  0x00000fa8      0x2ee ./src/main.o

.debug_aranges  0x00000000      0x2f8
 .debug_aranges
                0x00000000       0x20 ./Project_Settings/Startup_Code/startup.o
 .debug_aranges
                0x00000020       0x20 ./Project_Settings/Startup_Code/startup_S32K144.o
 .debug_aranges
                0x00000040       0x30 ./Project_Settings/Startup_Code/system_S32K144.o
 .debug_aranges
                0x00000070       0x30 ./core/Core_NVIC.o
 .debug_aranges
                0x000000a0       0x38 ./core/Core_Systick.o
 .debug_aranges
                0x000000d8       0x28 ./drivers/Driver_ADC.o
 .debug_aranges
                0x00000100       0x60 ./drivers/Driver_GPIO.o
 .debug_aranges
                0x00000160       0x38 ./drivers/Driver_LPIT.o
 .debug_aranges
                0x00000198       0x80 ./drivers/Driver_UART.o
 .debug_aranges
                0x00000218       0x40 ./middleware/Middleware.o
 .debug_aranges
                0x00000258       0x50 ./src/Message.o
 .debug_aranges
                0x000002a8       0x50 ./src/main.o

.debug_ranges   0x00000000      0x270
 .debug_ranges  0x00000000       0x10 ./Project_Settings/Startup_Code/startup.o
 .debug_ranges  0x00000010       0x20 ./Project_Settings/Startup_Code/system_S32K144.o
 .debug_ranges  0x00000030       0x20 ./core/Core_NVIC.o
 .debug_ranges  0x00000050       0x28 ./core/Core_Systick.o
 .debug_ranges  0x00000078       0x18 ./drivers/Driver_ADC.o
 .debug_ranges  0x00000090       0x68 ./drivers/Driver_GPIO.o
 .debug_ranges  0x000000f8       0x28 ./drivers/Driver_LPIT.o
 .debug_ranges  0x00000120       0x70 ./drivers/Driver_UART.o
 .debug_ranges  0x00000190       0x30 ./middleware/Middleware.o
 .debug_ranges  0x000001c0       0x58 ./src/Message.o
 .debug_ranges  0x00000218       0x58 ./src/main.o

.debug_macro    0x00000000    0x21278
 .debug_macro   0x00000000       0xb5 ./Project_Settings/Startup_Code/startup.o
 .debug_macro   0x000000b5      0x8d4 ./Project_Settings/Startup_Code/startup.o
 .debug_macro   0x00000989       0x22 ./Project_Settings/Startup_Code/startup.o
 .debug_macro   0x000009ab       0x87 ./Project_Settings/Startup_Code/startup.o
 .debug_macro   0x00000a32       0x51 ./Project_Settings/Startup_Code/startup.o
 .debug_macro   0x00000a83       0xef ./Project_Settings/Startup_Code/startup.o
 .debug_macro   0x00000b72       0x6a ./Project_Settings/Startup_Code/startup.o
 .debug_macro   0x00000bdc      0x1df ./Project_Settings/Startup_Code/startup.o
 .debug_macro   0x00000dbb       0x10 ./Project_Settings/Startup_Code/startup.o
 .debug_macro   0x00000dcb       0x7a ./Project_Settings/Startup_Code/startup.o
 .debug_macro   0x00000e45     0xee97 ./Project_Settings/Startup_Code/startup.o
 .debug_macro   0x0000fcdc      0xbbe ./Project_Settings/Startup_Code/startup.o
 .debug_macro   0x0001089a       0x22 ./Project_Settings/Startup_Code/startup.o
 .debug_macro   0x000108bc       0x40 ./Project_Settings/Startup_Code/startup.o
 .debug_macro   0x000108fc       0xb5 ./Project_Settings/Startup_Code/system_S32K144.o
 .debug_macro   0x000109b1       0x19 ./Project_Settings/Startup_Code/system_S32K144.o
 .debug_macro   0x000109ca     0xee82 ./Project_Settings/Startup_Code/system_S32K144.o
 .debug_macro   0x0001f84c       0x28 ./Project_Settings/Startup_Code/system_S32K144.o
 .debug_macro   0x0001f874       0x7c ./core/Core_NVIC.o
 .debug_macro   0x0001f8f0       0x86 ./core/Core_Systick.o
 .debug_macro   0x0001f976       0x8a ./drivers/Driver_ADC.o
 .debug_macro   0x0001fa00       0xa8 ./drivers/Driver_GPIO.o
 .debug_macro   0x0001faa8       0x10 ./drivers/Driver_GPIO.o
 .debug_macro   0x0001fab8      0x174 ./drivers/Driver_GPIO.o
 .debug_macro   0x0001fc2c       0x34 ./drivers/Driver_GPIO.o
 .debug_macro   0x0001fc60      0x1d8 ./drivers/Driver_LPIT.o
 .debug_macro   0x0001fe38       0x52 ./drivers/Driver_LPIT.o
 .debug_macro   0x0001fe8a       0x3c ./drivers/Driver_LPIT.o
 .debug_macro   0x0001fec6       0x9c ./drivers/Driver_LPIT.o
 .debug_macro   0x0001ff62       0x16 ./drivers/Driver_LPIT.o
 .debug_macro   0x0001ff78       0x97 ./drivers/Driver_LPIT.o
 .debug_macro   0x0002000f      0x30d ./drivers/Driver_LPIT.o
 .debug_macro   0x0002031c       0xfd ./drivers/Driver_LPIT.o
 .debug_macro   0x00020419       0x10 ./drivers/Driver_LPIT.o
 .debug_macro   0x00020429       0x52 ./drivers/Driver_LPIT.o
 .debug_macro   0x0002047b       0x1f ./drivers/Driver_LPIT.o
 .debug_macro   0x0002049a       0x43 ./drivers/Driver_LPIT.o
 .debug_macro   0x000204dd       0x20 ./drivers/Driver_LPIT.o
 .debug_macro   0x000204fd      0x1a3 ./drivers/Driver_LPIT.o
 .debug_macro   0x000206a0       0x10 ./drivers/Driver_LPIT.o
 .debug_macro   0x000206b0       0x1c ./drivers/Driver_LPIT.o
 .debug_macro   0x000206cc       0x52 ./drivers/Driver_LPIT.o
 .debug_macro   0x0002071e       0x40 ./drivers/Driver_LPIT.o
 .debug_macro   0x0002075e       0x10 ./drivers/Driver_LPIT.o
 .debug_macro   0x0002076e       0x40 ./drivers/Driver_LPIT.o
 .debug_macro   0x000207ae       0xd7 ./drivers/Driver_LPIT.o
 .debug_macro   0x00020885       0x16 ./drivers/Driver_LPIT.o
 .debug_macro   0x0002089b      0x161 ./drivers/Driver_LPIT.o
 .debug_macro   0x000209fc       0x7c ./drivers/Driver_UART.o
 .debug_macro   0x00020a78      0x21c ./middleware/Middleware.o
 .debug_macro   0x00020c94       0x10 ./middleware/Middleware.o
 .debug_macro   0x00020ca4       0x22 ./middleware/Middleware.o
 .debug_macro   0x00020cc6      0x1c2 ./src/Message.o
 .debug_macro   0x00020e88       0x4c ./src/Message.o
 .debug_macro   0x00020ed4       0x8d ./src/Message.o
 .debug_macro   0x00020f61       0x57 ./src/Message.o
 .debug_macro   0x00020fb8       0x10 ./src/Message.o
 .debug_macro   0x00020fc8       0x35 ./src/Message.o
 .debug_macro   0x00020ffd       0x1c ./src/Message.o
 .debug_macro   0x00021019       0x10 ./src/Message.o
 .debug_macro   0x00021029      0x24f ./src/main.o

.debug_line     0x00000000     0x2989
 .debug_line    0x00000000      0x316 ./Project_Settings/Startup_Code/startup.o
 .debug_line    0x00000316       0x91 ./Project_Settings/Startup_Code/startup_S32K144.o
 .debug_line    0x000003a7      0x333 ./Project_Settings/Startup_Code/system_S32K144.o
 .debug_line    0x000006da      0x291 ./core/Core_NVIC.o
 .debug_line    0x0000096b      0x2ed ./core/Core_Systick.o
 .debug_line    0x00000c58      0x2d7 ./drivers/Driver_ADC.o
 .debug_line    0x00000f2f      0x3d2 ./drivers/Driver_GPIO.o
 .debug_line    0x00001301      0x412 ./drivers/Driver_LPIT.o
 .debug_line    0x00001713      0x3c5 ./drivers/Driver_UART.o
 .debug_line    0x00001ad8      0x4a6 ./middleware/Middleware.o
 .debug_line    0x00001f7e      0x3fe ./src/Message.o
 .debug_line    0x0000237c      0x60d ./src/main.o

.debug_str      0x00000000    0x6eeb5
 .debug_str     0x00000000    0x6951c ./Project_Settings/Startup_Code/startup.o
                              0x69749 (size before relaxing)
 .debug_str     0x0006951c       0x3f ./Project_Settings/Startup_Code/startup_S32K144.o
                                 0x76 (size before relaxing)
 .debug_str     0x0006955b      0x1f3 ./Project_Settings/Startup_Code/system_S32K144.o
                              0x69522 (size before relaxing)
 .debug_str     0x0006974e      0x65d ./core/Core_NVIC.o
                              0x63eab (size before relaxing)
 .debug_str     0x00069dab       0x98 ./core/Core_Systick.o
                              0x63e5b (size before relaxing)
 .debug_str     0x00069e43      0x273 ./drivers/Driver_ADC.o
                              0x64111 (size before relaxing)
 .debug_str     0x0006a0b6      0x6f5 ./drivers/Driver_GPIO.o
                              0x6462c (size before relaxing)
 .debug_str     0x0006a7ab     0x41d9 ./drivers/Driver_LPIT.o
                              0x6840f (size before relaxing)
 .debug_str     0x0006e984      0x285 ./drivers/Driver_UART.o
                              0x6419d (size before relaxing)
 .debug_str     0x0006ec09       0x9e ./middleware/Middleware.o
                              0x68553 (size before relaxing)
 .debug_str     0x0006eca7       0xf5 ./src/Message.o
                               0x7199 (size before relaxing)
 .debug_str     0x0006ed9c      0x119 ./src/main.o
                              0x68533 (size before relaxing)

.debug_frame    0x00000000      0xea8
 .debug_frame   0x00000000       0x38 ./Project_Settings/Startup_Code/startup.o
 .debug_frame   0x00000038       0x80 ./Project_Settings/Startup_Code/system_S32K144.o
 .debug_frame   0x000000b8       0x88 ./core/Core_NVIC.o
 .debug_frame   0x00000140       0x98 ./core/Core_Systick.o
 .debug_frame   0x000001d8       0x54 ./drivers/Driver_ADC.o
 .debug_frame   0x0000022c      0x174 ./drivers/Driver_GPIO.o
 .debug_frame   0x000003a0       0xac ./drivers/Driver_LPIT.o
 .debug_frame   0x0000044c      0x1f0 ./drivers/Driver_UART.o
 .debug_frame   0x0000063c       0xb4 ./middleware/Middleware.o
 .debug_frame   0x000006f0      0x120 ./src/Message.o
 .debug_frame   0x00000810      0x108 ./src/main.o
 .debug_frame   0x00000918       0x40 C:/NXP/S32DS.3.4/S32DS/build_tools/gcc_v6.3/gcc-6.3-arm32-eabi/arm-none-eabi/newlib/lib/thumb/v7e-m\libm.a(lib_a-w_pow.o)
 .debug_frame   0x00000958       0x64 C:/NXP/S32DS.3.4/S32DS/build_tools/gcc_v6.3/gcc-6.3-arm32-eabi/arm-none-eabi/newlib/lib/thumb/v7e-m\libm.a(lib_a-e_pow.o)
 .debug_frame   0x000009bc       0x30 C:/NXP/S32DS.3.4/S32DS/build_tools/gcc_v6.3/gcc-6.3-arm32-eabi/arm-none-eabi/newlib/lib/thumb/v7e-m\libm.a(lib_a-e_sqrt.o)
 .debug_frame   0x000009ec       0x20 C:/NXP/S32DS.3.4/S32DS/build_tools/gcc_v6.3/gcc-6.3-arm32-eabi/arm-none-eabi/newlib/lib/thumb/v7e-m\libm.a(lib_a-s_fabs.o)
 .debug_frame   0x00000a0c       0x20 C:/NXP/S32DS.3.4/S32DS/build_tools/gcc_v6.3/gcc-6.3-arm32-eabi/arm-none-eabi/newlib/lib/thumb/v7e-m\libm.a(lib_a-s_finite.o)
 .debug_frame   0x00000a2c       0x20 C:/NXP/S32DS.3.4/S32DS/build_tools/gcc_v6.3/gcc-6.3-arm32-eabi/arm-none-eabi/newlib/lib/thumb/v7e-m\libm.a(lib_a-s_matherr.o)
 .debug_frame   0x00000a4c       0x20 C:/NXP/S32DS.3.4/S32DS/build_tools/gcc_v6.3/gcc-6.3-arm32-eabi/arm-none-eabi/newlib/lib/thumb/v7e-m\libm.a(lib_a-s_nan.o)
 .debug_frame   0x00000a6c       0x34 C:/NXP/S32DS.3.4/S32DS/build_tools/gcc_v6.3/gcc-6.3-arm32-eabi/arm-none-eabi/newlib/lib/thumb/v7e-m\libm.a(lib_a-s_rint.o)
 .debug_frame   0x00000aa0       0x30 C:/NXP/S32DS.3.4/S32DS/build_tools/gcc_v6.3/gcc-6.3-arm32-eabi/arm-none-eabi/newlib/lib/thumb/v7e-m\libm.a(lib_a-s_scalbn.o)
 .debug_frame   0x00000ad0       0x20 C:/NXP/S32DS.3.4/S32DS/build_tools/gcc_v6.3/gcc-6.3-arm32-eabi/arm-none-eabi/newlib/lib/thumb/v7e-m\libm.a(lib_a-s_copysign.o)
 .debug_frame   0x00000af0       0xac c:/nxp/s32ds.3.4/s32ds/build_tools/gcc_v6.3/gcc-6.3-arm32-eabi/bin/../lib/gcc/arm-none-eabi/6.3.1/thumb/v7e-m\libgcc.a(_arm_addsubdf3.o)
 .debug_frame   0x00000b9c       0x50 c:/nxp/s32ds.3.4/s32ds/build_tools/gcc_v6.3/gcc-6.3-arm32-eabi/bin/../lib/gcc/arm-none-eabi/6.3.1/thumb/v7e-m\libgcc.a(_arm_muldivdf3.o)
 .debug_frame   0x00000bec       0xc4 c:/nxp/s32ds.3.4/s32ds/build_tools/gcc_v6.3/gcc-6.3-arm32-eabi/bin/../lib/gcc/arm-none-eabi/6.3.1/thumb/v7e-m\libgcc.a(_arm_cmpdf2.o)
 .debug_frame   0x00000cb0       0x20 c:/nxp/s32ds.3.4/s32ds/build_tools/gcc_v6.3/gcc-6.3-arm32-eabi/bin/../lib/gcc/arm-none-eabi/6.3.1/thumb/v7e-m\libgcc.a(_arm_unorddf2.o)
 .debug_frame   0x00000cd0       0x24 c:/nxp/s32ds.3.4/s32ds/build_tools/gcc_v6.3/gcc-6.3-arm32-eabi/bin/../lib/gcc/arm-none-eabi/6.3.1/thumb/v7e-m\libgcc.a(_arm_fixunsdfsi.o)
 .debug_frame   0x00000cf4       0x20 C:/NXP/S32DS.3.4/S32DS/build_tools/gcc_v6.3/gcc-6.3-arm32-eabi/arm-none-eabi/newlib/lib/thumb/v7e-m\libc.a(lib_a-errno.o)
 .debug_frame   0x00000d14       0x28 C:/NXP/S32DS.3.4/S32DS/build_tools/gcc_v6.3/gcc-6.3-arm32-eabi/arm-none-eabi/newlib/lib/thumb/v7e-m\libc.a(lib_a-exit.o)
 .debug_frame   0x00000d3c       0x2c C:/NXP/S32DS.3.4/S32DS/build_tools/gcc_v6.3/gcc-6.3-arm32-eabi/arm-none-eabi/newlib/lib/thumb/v7e-m\libc.a(lib_a-init.o)
 .debug_frame   0x00000d68       0x20 C:/NXP/S32DS.3.4/S32DS/build_tools/gcc_v6.3/gcc-6.3-arm32-eabi/arm-none-eabi/newlib/lib/thumb/v7e-m\libc.a(lib_a-memset.o)
 .debug_frame   0x00000d88       0x2c C:/NXP/S32DS.3.4/S32DS/build_tools/gcc_v6.3/gcc-6.3-arm32-eabi/arm-none-eabi/newlib/lib/thumb/v7e-m\libc.a(lib_a-strncpy.o)
 .debug_frame   0x00000db4       0x4c C:/NXP/S32DS.3.4/S32DS/build_tools/gcc_v6.3/gcc-6.3-arm32-eabi/arm-none-eabi/newlib/lib/thumb/v7e-m\libc.a(lib_a-__call_atexit.o)
 .debug_frame   0x00000e00       0x38 C:/NXP/S32DS.3.4/S32DS/build_tools/gcc_v6.3/gcc-6.3-arm32-eabi/arm-none-eabi/newlib/lib/thumb/v7e-m\libc.a(lib_a-fini.o)
 .debug_frame   0x00000e38       0x20 C:/NXP/S32DS.3.4/S32DS/build_tools/gcc_v6.3/gcc-6.3-arm32-eabi/arm-none-eabi/newlib/lib/thumb/v7e-m\libc.a(lib_a-atexit.o)
 .debug_frame   0x00000e58       0x30 C:/NXP/S32DS.3.4/S32DS/build_tools/gcc_v6.3/gcc-6.3-arm32-eabi/arm-none-eabi/newlib/lib/thumb/v7e-m\libc.a(lib_a-__atexit.o)
 .debug_frame   0x00000e88       0x20 C:/NXP/S32DS.3.4/S32DS/build_tools/gcc_v6.3/gcc-6.3-arm32-eabi/arm-none-eabi/newlib/lib/thumb/v7e-m\libnosys.a(_exit.o)
