Archive member included to satisfy reference by file (symbol)

C:/NXP/S32DS.3.4/S32DS/build_tools/gcc_v6.3/gcc-6.3-arm32-eabi/arm-none-eabi/newlib/lib/thumb/v7e-m\libm.a(lib_a-w_pow.o)
                              ./src/Message.o (pow)
C:/NXP/S32DS.3.4/S32DS/build_tools/gcc_v6.3/gcc-6.3-arm32-eabi/arm-none-eabi/newlib/lib/thumb/v7e-m\libm.a(lib_a-e_pow.o)
                              C:/NXP/S32DS.3.4/S32DS/build_tools/gcc_v6.3/gcc-6.3-arm32-eabi/arm-none-eabi/newlib/lib/thumb/v7e-m\libm.a(lib_a-w_pow.o) (__ieee754_pow)
C:/NXP/S32DS.3.4/S32DS/build_tools/gcc_v6.3/gcc-6.3-arm32-eabi/arm-none-eabi/newlib/lib/thumb/v7e-m\libm.a(lib_a-e_sqrt.o)
                              C:/NXP/S32DS.3.4/S32DS/build_tools/gcc_v6.3/gcc-6.3-arm32-eabi/arm-none-eabi/newlib/lib/thumb/v7e-m\libm.a(lib_a-e_pow.o) (__ieee754_sqrt)
C:/NXP/S32DS.3.4/S32DS/build_tools/gcc_v6.3/gcc-6.3-arm32-eabi/arm-none-eabi/newlib/lib/thumb/v7e-m\libm.a(lib_a-s_fabs.o)
                              C:/NXP/S32DS.3.4/S32DS/build_tools/gcc_v6.3/gcc-6.3-arm32-eabi/arm-none-eabi/newlib/lib/thumb/v7e-m\libm.a(lib_a-e_pow.o) (fabs)
C:/NXP/S32DS.3.4/S32DS/build_tools/gcc_v6.3/gcc-6.3-arm32-eabi/arm-none-eabi/newlib/lib/thumb/v7e-m\libm.a(lib_a-s_finite.o)
                              C:/NXP/S32DS.3.4/S32DS/build_tools/gcc_v6.3/gcc-6.3-arm32-eabi/arm-none-eabi/newlib/lib/thumb/v7e-m\libm.a(lib_a-w_pow.o) (finite)
C:/NXP/S32DS.3.4/S32DS/build_tools/gcc_v6.3/gcc-6.3-arm32-eabi/arm-none-eabi/newlib/lib/thumb/v7e-m\libm.a(lib_a-s_lib_ver.o)
                              C:/NXP/S32DS.3.4/S32DS/build_tools/gcc_v6.3/gcc-6.3-arm32-eabi/arm-none-eabi/newlib/lib/thumb/v7e-m\libm.a(lib_a-w_pow.o) (__fdlib_version)
C:/NXP/S32DS.3.4/S32DS/build_tools/gcc_v6.3/gcc-6.3-arm32-eabi/arm-none-eabi/newlib/lib/thumb/v7e-m\libm.a(lib_a-s_matherr.o)
                              C:/NXP/S32DS.3.4/S32DS/build_tools/gcc_v6.3/gcc-6.3-arm32-eabi/arm-none-eabi/newlib/lib/thumb/v7e-m\libm.a(lib_a-w_pow.o) (matherr)
C:/NXP/S32DS.3.4/S32DS/build_tools/gcc_v6.3/gcc-6.3-arm32-eabi/arm-none-eabi/newlib/lib/thumb/v7e-m\libm.a(lib_a-s_nan.o)
                              C:/NXP/S32DS.3.4/S32DS/build_tools/gcc_v6.3/gcc-6.3-arm32-eabi/arm-none-eabi/newlib/lib/thumb/v7e-m\libm.a(lib_a-e_pow.o) (nan)
C:/NXP/S32DS.3.4/S32DS/build_tools/gcc_v6.3/gcc-6.3-arm32-eabi/arm-none-eabi/newlib/lib/thumb/v7e-m\libm.a(lib_a-s_rint.o)
                              C:/NXP/S32DS.3.4/S32DS/build_tools/gcc_v6.3/gcc-6.3-arm32-eabi/arm-none-eabi/newlib/lib/thumb/v7e-m\libm.a(lib_a-w_pow.o) (rint)
C:/NXP/S32DS.3.4/S32DS/build_tools/gcc_v6.3/gcc-6.3-arm32-eabi/arm-none-eabi/newlib/lib/thumb/v7e-m\libm.a(lib_a-s_scalbn.o)
                              C:/NXP/S32DS.3.4/S32DS/build_tools/gcc_v6.3/gcc-6.3-arm32-eabi/arm-none-eabi/newlib/lib/thumb/v7e-m\libm.a(lib_a-e_pow.o) (scalbn)
C:/NXP/S32DS.3.4/S32DS/build_tools/gcc_v6.3/gcc-6.3-arm32-eabi/arm-none-eabi/newlib/lib/thumb/v7e-m\libm.a(lib_a-s_copysign.o)
                              C:/NXP/S32DS.3.4/S32DS/build_tools/gcc_v6.3/gcc-6.3-arm32-eabi/arm-none-eabi/newlib/lib/thumb/v7e-m\libm.a(lib_a-s_scalbn.o) (copysign)
c:/nxp/s32ds.3.4/s32ds/build_tools/gcc_v6.3/gcc-6.3-arm32-eabi/bin/../lib/gcc/arm-none-eabi/6.3.1/thumb/v7e-m\libgcc.a(_arm_addsubdf3.o)
                              C:/NXP/S32DS.3.4/S32DS/build_tools/gcc_v6.3/gcc-6.3-arm32-eabi/arm-none-eabi/newlib/lib/thumb/v7e-m\libm.a(lib_a-e_pow.o) (__aeabi_dsub)
c:/nxp/s32ds.3.4/s32ds/build_tools/gcc_v6.3/gcc-6.3-arm32-eabi/bin/../lib/gcc/arm-none-eabi/6.3.1/thumb/v7e-m\libgcc.a(_arm_muldivdf3.o)
                              ./src/Message.o (__aeabi_dmul)
c:/nxp/s32ds.3.4/s32ds/build_tools/gcc_v6.3/gcc-6.3-arm32-eabi/bin/../lib/gcc/arm-none-eabi/6.3.1/thumb/v7e-m\libgcc.a(_arm_cmpdf2.o)
                              C:/NXP/S32DS.3.4/S32DS/build_tools/gcc_v6.3/gcc-6.3-arm32-eabi/arm-none-eabi/newlib/lib/thumb/v7e-m\libm.a(lib_a-w_pow.o) (__aeabi_dcmpeq)
c:/nxp/s32ds.3.4/s32ds/build_tools/gcc_v6.3/gcc-6.3-arm32-eabi/bin/../lib/gcc/arm-none-eabi/6.3.1/thumb/v7e-m\libgcc.a(_arm_unorddf2.o)
                              C:/NXP/S32DS.3.4/S32DS/build_tools/gcc_v6.3/gcc-6.3-arm32-eabi/arm-none-eabi/newlib/lib/thumb/v7e-m\libm.a(lib_a-w_pow.o) (__aeabi_dcmpun)
c:/nxp/s32ds.3.4/s32ds/build_tools/gcc_v6.3/gcc-6.3-arm32-eabi/bin/../lib/gcc/arm-none-eabi/6.3.1/thumb/v7e-m\libgcc.a(_arm_fixunsdfsi.o)
                              ./src/Message.o (__aeabi_d2uiz)
C:/NXP/S32DS.3.4/S32DS/build_tools/gcc_v6.3/gcc-6.3-arm32-eabi/arm-none-eabi/newlib/lib/thumb/v7e-m\libc.a(lib_a-errno.o)
                              C:/NXP/S32DS.3.4/S32DS/build_tools/gcc_v6.3/gcc-6.3-arm32-eabi/arm-none-eabi/newlib/lib/thumb/v7e-m\libm.a(lib_a-w_pow.o) (__errno)
C:/NXP/S32DS.3.4/S32DS/build_tools/gcc_v6.3/gcc-6.3-arm32-eabi/arm-none-eabi/newlib/lib/thumb/v7e-m\libc.a(lib_a-exit.o)
                              C:/NXP/S32DS.3.4/S32DS/build_tools/gcc_v6.3/gcc-6.3-arm32-eabi/arm-none-eabi/newlib/lib/thumb/v7e-m/crt0.o (exit)
[...]
Memory Configuration

Name             Origin             Length             Attributes
m_interrupts     0x00000000         0x00000400         xr
m_flash_config   0x00000400         0x00000010         xr
m_text           0x00000410         0x0007fbf0         xr
m_data           0x1fff8000         0x00008000         rw
m_data_2         0x20000000         0x00007000         rw
*default*        0x00000000         0xffffffff

Linker script and memory map

LOAD c:/nxp/s32ds.3.4/s32ds/build_tools/gcc_v6.3/gcc-6.3-arm32-eabi/bin/../lib/gcc/arm-none-eabi/6.3.1/thumb/v7e-m/crti.o
LOAD c:/nxp/s32ds.3.4/s32ds/build_tools/gcc_v6.3/gcc-6.3-arm32-eabi/bin/../lib/gcc/arm-none-eabi/6.3.1/thumb/v7e-m/crtbegin.o
LOAD C:/NXP/S32DS.3.4/S32DS/build_tools/gcc_v6.3/gcc-6.3-arm32-eabi/arm-none-eabi/newlib/lib/thumb/v7e-m/crt0.o
LOAD ./Project_Settings/Startup_Code/startup.o
LOAD ./Project_Settings/Startup_Code/startup_S32K144.o
LOAD ./Project_Settings/Startup_Code/system_S32K144.o
LOAD ./core/Core_NVIC.o
LOAD ./core/Core_Systick.o
LOAD ./drivers/Driver_ADC.o
LOAD ./drivers/Driver_GPIO.o
LOAD ./drivers/Driver_UART.o
LOAD ./middleware/Middleware.o
LOAD ./src/Message.o
LOAD ./src/main.o
LOAD C:/NXP/S32DS.3.4/S32DS/build_tools/gcc_v6.3/gcc-6.3-arm32-eabi/arm-none-eabi/newlib/lib/thumb/v7e-m\libm.a
START GROUP
LOAD c:/nxp/s32ds.3.4/s32ds/build_tools/gcc_v6.3/gcc-6.3-arm32-eabi/bin/../lib/gcc/arm-none-eabi/6.3.1/thumb/v7e-m\libgcc.a
LOAD C:/NXP/S32DS.3.4/S32DS/build_tools/gcc_v6.3/gcc-6.3-arm32-eabi/arm-none-eabi/newlib/lib/thumb/v7e-m\libc.a
END GROUP
START GROUP
LOAD c:/nxp/s32ds.3.4/s32ds/build_tools/gcc_v6.3/gcc-6.3-arm32-eabi/bin/../lib/gcc/arm-none-eabi/6.3.1/thumb/v7e-m\libgcc.a
LOAD C:/NXP/S32DS.3.4/S32DS/build_tools/gcc_v6.3/gcc-6.3-arm32-eabi/arm-none-eabi/newlib/lib/thumb/v7e-m\libc.a
LOAD C:/NXP/S32DS.3.4/S32DS/build_tools/gcc_v6.3/gcc-6.3-arm32-eabi/arm-none-eabi/newlib/lib/thumb/v7e-m\libnosys.a
END GROUP
LOAD c:/nxp/s32ds.3.4/s32ds/build_tools/gcc_v6.3/gcc-6.3-arm32-eabi/bin/../lib/gcc/arm-none-eabi/6.3.1/thumb/v7e-m/crtend.o
LOAD c:/nxp/s32ds.3.4/s32ds/build_tools/gcc_v6.3/gcc-6.3-arm32-eabi/bin/../lib/gcc/arm-none-eabi/6.3.1/thumb/v7e-m/crtn.o
                0x00000400                HEAP_SIZE = DEFINED (__heap_size__)?__heap_size__:0x400
                0x00000400                STACK_SIZE = DEFINED (__stack_size__)?__stack_size__:0x400
                0x00000400                M_VECTOR_RAM_SIZE = DEFINED (__flash_vector_table__)?0x0:0x400

.interrupts     0x00000000      0x400
                0x00000000                __VECTOR_TABLE = .
                0x00000000                __interrupts_start__ = .
                0x00000000                . = ALIGN (0x4)
 *(.isr_vector)
 .isr_vector    0x00000000      0x400 ./Project_Settings/Startup_Code/startup_S32K144.o
                0x00000000                __isr_vector
                0x00000400                __interrupts_end__ = .
                0x00000400                . = ALIGN (0x4)

.flash_config   0x00000400       0x10
                0x00000400                . = ALIGN (0x4)
 *(.FlashConfig)
 .FlashConfig   0x00000400       0x10 ./Project_Settings/Startup_Code/startup_S32K144.o
                0x00000410                . = ALIGN (0x4)

.text           0x00000410     0x33ac
                0x00000410                . = ALIGN (0x4)
 *(.text)
 .text          0x00000410       0xa4 c:/nxp/s32ds.3.4/s32ds/build_tools/gcc_v6.3/gcc-6.3-arm32-eabi/bin/../lib/gcc/arm-none-eabi/6.3.1/thumb/v7e-m/crtbegin.o
 .text          0x000004b4       0x74 C:/NXP/S32DS.3.4/S32DS/build_tools/gcc_v6.3/gcc-6.3-arm32-eabi/arm-none-eabi/newlib/lib/thumb/v7e-m/crt0.o
                0x000004b4                _start
                0x000004b4                _mainCRTStartup
 .text          0x00000528       0x6c ./Project_Settings/Startup_Code/startup_S32K144.o
                0x00000528                Reset_Handler
                0x00000590                DebugMon_Handler
                0x00000590                Reserved88_IRQHandler
                0x00000590                CAN0_ORed_IRQHandler
                0x00000590                HardFault_Handler
                0x00000590                Reserved86_IRQHandler
                0x00000590                Reserved103_IRQHandler
                0x00000590                FTM2_Ovf_Reload_IRQHandler
                0x00000590                Reserved50_IRQHandler
                0x00000590                FTFC_Fault_IRQHandler
                0x00000590                FTM0_Ch6_Ch7_IRQHandler
                0x00000590                Reserved114_IRQHandler
                0x00000590                PendSV_Handler
                0x00000590                NMI_Handler
                0x00000590                Reserved89_IRQHandler
                0x00000590                ERM_double_fault_IRQHandler
                0x00000590                DMA2_IRQHandler
                0x00000590                Reserved59_IRQHandler
                0x00000590                Reserved99_IRQHandler
                0x00000590                FTM3_Ch6_Ch7_IRQHandler
                0x00000590                CAN2_ORed_0_15_MB_IRQHandler
                0x00000590                LPIT0_Ch3_IRQHandler
                0x00000590                Reserved92_IRQHandler
                0x00000590                FTM0_Ch4_Ch5_IRQHandler
                0x00000590                CAN1_Error_IRQHandler
                0x00000590                FTM3_Ch0_Ch1_IRQHandler
                0x00000590                SWI_IRQHandler
                0x00000590                FTM2_Ch4_Ch5_IRQHandler
                0x00000590                UsageFault_Handler
                0x00000590                FTM0_Ovf_Reload_IRQHandler
                0x00000590                DefaultISR
                0x00000590                DMA9_IRQHandler
                0x00000590                Reserved58_IRQHandler
                0x00000590                CAN1_ORed_0_15_MB_IRQHandler
                0x00000590                FTM1_Ch2_Ch3_IRQHandler
                0x00000590                DMA14_IRQHandler
                0x00000590                Reserved82_IRQHandler
                0x00000590                CAN0_ORed_16_31_MB_IRQHandler
                0x00000590                LPI2C0_Slave_IRQHandler
                0x00000590                Reserved71_IRQHandler
                0x00000590                PORTD_IRQHandler
                0x00000590                Reserved69_IRQHandler
                0x00000590                PORTB_IRQHandler
                0x00000590                Reserved70_IRQHandler
                0x00000590                ADC1_IRQHandler
                0x00000590                FTM2_Ch2_Ch3_IRQHandler
                0x00000590                Reserved53_IRQHandler
                0x00000590                DMA5_IRQHandler
                0x00000590                RTC_IRQHandler
                0x00000590                PDB0_IRQHandler
                0x00000590                Reserved54_IRQHandler
                0x00000590                FTM2_Ch6_Ch7_IRQHandler
                0x00000590                FTM3_Ch2_Ch3_IRQHandler
                0x00000590                FTM2_Ch0_Ch1_IRQHandler
                0x00000590                LPSPI1_IRQHandler
                0x00000590                RTC_Seconds_IRQHandler
                0x00000590                CAN2_ORed_IRQHandler
                0x00000590                Reserved72_IRQHandler
                0x00000590                Reserved110_IRQHandler
                0x00000590                DMA11_IRQHandler
                0x00000590                Reserved107_IRQHandler
                0x00000590                Read_Collision_IRQHandler
                0x00000590                CAN2_Error_IRQHandler
                0x00000590                FTFC_IRQHandler
                0x00000590                DMA7_IRQHandler
                0x00000590                FTM1_Ch6_Ch7_IRQHandler
                0x00000590                Reserved105_IRQHandler
                0x00000590                LPIT0_Ch1_IRQHandler
                0x00000590                FTM1_Ch4_Ch5_IRQHandler
                0x00000590                FTM3_Ovf_Reload_IRQHandler
                0x00000590                LPUART2_RxTx_IRQHandler
                0x00000590                LPSPI0_IRQHandler
                0x00000590                WDOG_EWM_IRQHandler
                0x00000590                MemManage_Handler
                0x00000590                Reserved90_IRQHandler
                0x00000590                Reserved83_IRQHandler
                0x00000590                FTM0_Fault_IRQHandler
                0x00000590                Reserved48_IRQHandler
                0x00000590                SVC_Handler
                0x00000590                ERM_single_fault_IRQHandler
                0x00000590                FTM2_Fault_IRQHandler
                0x00000590                FTM0_Ch2_Ch3_IRQHandler
                0x00000590                DMA13_IRQHandler
                0x00000590                FTM0_Ch0_Ch1_IRQHandler
                0x00000590                FTM3_Fault_IRQHandler
                0x00000590                RCM_IRQHandler
                0x00000590                DMA3_IRQHandler
                0x00000590                Reserved100_IRQHandler
                0x00000590                DMA0_IRQHandler
                0x00000590                Reserved91_IRQHandler
                0x00000590                CAN1_ORed_IRQHandler
                0x00000590                DMA15_IRQHandler
                0x00000590                SCG_IRQHandler
                0x00000590                PDB1_IRQHandler
                0x00000590                Reserved81_IRQHandler
                0x00000590                Reserved46_IRQHandler
                0x00000590                Reserved45_IRQHandler
                0x00000590                CAN0_Error_IRQHandler
                0x00000590                Reserved112_IRQHandler
                0x00000590                LPI2C0_Master_IRQHandler
                0x00000590                DMA4_IRQHandler
                0x00000590                FTM1_Fault_IRQHandler
                0x00000590                Reserved106_IRQHandler
                0x00000590                DMA_Error_IRQHandler
                0x00000590                LVD_LVW_IRQHandler
                0x00000590                LPIT0_Ch2_IRQHandler
                0x00000590                PORTA_IRQHandler
                0x00000590                MCM_IRQHandler
                0x00000590                LPSPI2_IRQHandler
                0x00000590                DMA12_IRQHandler
                0x00000590                FTM3_Ch4_Ch5_IRQHandler
                0x00000590                CAN0_ORed_0_15_MB_IRQHandler
                0x00000590                PORTE_IRQHandler
                0x00000590                LPUART0_RxTx_IRQHandler
                0x00000590                LPTMR0_IRQHandler
                0x00000590                BusFault_Handler
                0x00000590                Reserved87_IRQHandler
                0x00000590                FTM1_Ovf_Reload_IRQHandler
                0x00000590                DMA8_IRQHandler
                0x00000590                Reserved93_IRQHandler
                0x00000590                DMA10_IRQHandler
                0x00000590                CAN0_Wake_Up_IRQHandler
                0x00000590                CMP0_IRQHandler
                0x00000590                Reserved52_IRQHandler
                0x00000590                DMA6_IRQHandler
                0x00000590                FTM1_Ch0_Ch1_IRQHandler
                0x00000590                FLEXIO_IRQHandler
                0x00000590                DMA1_IRQHandler
                0x00000590                Reserved113_IRQHandler
 .text          0x00000594      0x378 c:/nxp/s32ds.3.4/s32ds/build_tools/gcc_v6.3/gcc-6.3-arm32-eabi/bin/../lib/gcc/arm-none-eabi/6.3.1/thumb/v7e-m\libgcc.a(_arm_addsubdf3.o)
                0x00000594                __aeabi_drsub
                0x0000059c                __aeabi_dsub
                0x0000059c                __subdf3
                0x000005a0                __aeabi_dadd
                0x000005a0                __adddf3
                0x00000818                __floatunsidf
                0x00000818                __aeabi_ui2d
                0x00000838                __floatsidf
                0x00000838                __aeabi_i2d
                0x0000085c                __aeabi_f2d
                0x0000085c                __extendsfdf2
                0x000008a0                __floatundidf
                0x000008a0                __aeabi_ul2d
                0x000008b0                __floatdidf
                0x000008b0                __aeabi_l2d
 .text          0x0000090c      0x424 c:/nxp/s32ds.3.4/s32ds/build_tools/gcc_v6.3/gcc-6.3-arm32-eabi/bin/../lib/gcc/arm-none-eabi/6.3.1/thumb/v7e-m\libgcc.a(_arm_muldivdf3.o)
                0x0000090c                __aeabi_dmul
                0x0000090c                __muldf3
                0x00000b60                __divdf3
                0x00000b60                __aeabi_ddiv
 .text          0x00000d30      0x110 c:/nxp/s32ds.3.4/s32ds/build_tools/gcc_v6.3/gcc-6.3-arm32-eabi/bin/../lib/gcc/arm-none-eabi/6.3.1/thumb/v7e-m\libgcc.a(_arm_cmpdf2.o)
                0x00000d30                __gtdf2
                0x00000d30                __gedf2
                0x00000d38                __ltdf2
                0x00000d38                __ledf2
                0x00000d40                __nedf2
                0x00000d40                __eqdf2
                0x00000d40                __cmpdf2
                0x00000dbc                __aeabi_cdrcmple
                0x00000dcc                __aeabi_cdcmpeq
                0x00000dcc                __aeabi_cdcmple
                0x00000ddc                __aeabi_dcmpeq
                0x00000df0                __aeabi_dcmplt
                0x00000e04                __aeabi_dcmple
                0x00000e18                __aeabi_dcmpge
                0x00000e2c                __aeabi_dcmpgt
 .text          0x00000e40       0x2c c:/nxp/s32ds.3.4/s32ds/build_tools/gcc_v6.3/gcc-6.3-arm32-eabi/bin/../lib/gcc/arm-none-eabi/6.3.1/thumb/v7e-m\libgcc.a(_arm_unorddf2.o)
                0x00000e40                __unorddf2
                0x00000e40                __aeabi_dcmpun
 .text          0x00000e6c       0x40 c:/nxp/s32ds.3.4/s32ds/build_tools/gcc_v6.3/gcc-6.3-arm32-eabi/bin/../lib/gcc/arm-none-eabi/6.3.1/thumb/v7e-m\libgcc.a(_arm_fixunsdfsi.o)
                0x00000e6c                __aeabi_d2uiz
                0x00000e6c                __fixunsdfsi
 *(.text*)
 .text.init_data_bss
                0x00000eac      0x128 ./Project_Settings/Startup_Code/startup.o
                0x00000eac                init_data_bss
 .text.SystemInit
                0x00000fd4       0x30 ./Project_Settings/Startup_Code/system_S32K144.o
                0x00000fd4                SystemInit
 .text.NVIC_EnableIRQ
                0x00001004       0x3c ./core/Core_NVIC.o
                0x00001004                NVIC_EnableIRQ
 .text.SysTick_Handler
                0x00001040       0x1c ./core/Core_Systick.o
                0x00001040                SysTick_Handler
 .text.SysTick_Init
                0x0000105c       0x3c ./core/Core_Systick.o
                0x0000105c                SysTick_Init
 .text.millis   0x00001098       0x14 ./core/Core_Systick.o
                0x00001098                millis
 .text.delay_ms
                0x000010ac       0x28 ./core/Core_Systick.o
                0x000010ac                delay_ms
 .text.ADC_Init
                0x000010d4      0x16c ./drivers/Driver_ADC.o
                0x000010d4                ADC_Init
 .text.ADC_Read
                0x00001240       0x18 ./drivers/Driver_ADC.o
                0x00001240                ADC_Read
 .text.GPIO_Setup
                0x00001258      0x104 ./drivers/Driver_GPIO.o
 .text.GPIO_SetDirection
                0x0000135c       0xbc ./drivers/Driver_GPIO.o
 .text.GPIO_SetOutputMode
                0x00001418       0x44 ./drivers/Driver_GPIO.o
 .text.GPIO_SetPullResistor
                0x0000145c       0xd8 ./drivers/Driver_GPIO.o
 .text.GPIO_SetEventTrigger
                0x00001534       0xfc ./drivers/Driver_GPIO.o
 .text.GPIO_SetOutput
                0x00001630       0x94 ./drivers/Driver_GPIO.o
 .text.GPIO_Toggle
                0x000016c4       0x7c ./drivers/Driver_GPIO.o
 .text.GPIO_GetInput
                0x00001740       0x88 ./drivers/Driver_GPIO.o
 .text.UART1_Enable
                0x000017c8       0xa8 ./drivers/Driver_UART.o
                0x000017c8                UART1_Enable
 .text.UART1_DefaultBaudrate
                0x00001870       0x4c ./drivers/Driver_UART.o
                0x00001870                UART1_DefaultBaudrate
 .text.UART1_ConfigFrame
                0x000018bc      0x158 ./drivers/Driver_UART.o
                0x000018bc                UART1_ConfigFrame
 .text.UART1_SetHandler
                0x00001a14       0x1c ./drivers/Driver_UART.o
                0x00001a14                UART1_SetHandler
 .text.UART1_Init
                0x00001a30       0x2e ./drivers/Driver_UART.o
                0x00001a30                UART1_Init
 *fill*         0x00001a5e        0x2 
 .text.UART1_SendString
                0x00001a60       0x60 ./drivers/Driver_UART.o
                0x00001a60                UART1_SendString
 .text.UART1_ReceiveNonBlocking
                0x00001ac0       0x40 ./drivers/Driver_UART.o
                0x00001ac0                UART1_ReceiveNonBlocking
 .text.LPUART1_RxTx_IRQHandler
                0x00001b00       0x3c ./drivers/Driver_UART.o
                0x00001b00                LPUART1_RxTx_IRQHandler
 .text.LED_Init
                0x00001b3c       0x54 ./middleware/Middleware.o
                0x00001b3c                LED_Init
 .text.LED_Toggle
                0x00001b90       0x20 ./middleware/Middleware.o
                0x00001b90                LED_Toggle
 .text.LED_OFF  0x00001bb0       0x20 ./middleware/Middleware.o
                0x00001bb0                LED_OFF
 .text.Button_Init
                0x00001bd0       0x54 ./middleware/Middleware.o
                0x00001bd0                Button_Init
 .text.Timer_Init
                0x00001c24       0xa4 ./middleware/Middleware.o
                0x00001c24                Timer_Init
 .text.substring
                0x00001cc8       0x30 ./src/Message.o
                0x00001cc8                substring
 .text.calculateChecksum
                0x00001cf8       0x2e ./src/Message.o
                0x00001cf8                calculateChecksum
 *fill*         0x00001d26        0x2 
 .text.byteToHexStr
                0x00001d28       0x60 ./src/Message.o
                0x00001d28                byteToHexStr
 .text.createMessage
                0x00001d88       0x3c ./src/Message.o
                0x00001d88                createMessage
 .text.messageToHexString
                0x00001dc4       0x5e ./src/Message.o
                0x00001dc4                messageToHexString
 .text.CharToHex
                0x00001e22       0x40 ./src/Message.o
                0x00001e22                CharToHex
 *fill*         0x00001e62        0x2 
 .text.StrtoHex
                0x00001e64       0xa8 ./src/Message.o
                0x00001e64                StrtoHex
 .text.VerifyMessage
                0x00001f0c       0x30 ./src/Message.o
                0x00001f0c                VerifyMessage
 .text.ParseMessage
                0x00001f3c       0xd8 ./src/main.o
                0x00001f3c                ParseMessage
 .text.Getdata  0x00002014       0x54 ./src/main.o
                0x00002014                Getdata
 .text.receiveAndProcessMessage
                0x00002068       0x16 ./src/main.o
                0x00002068                receiveAndProcessMessage
 *fill*         0x0000207e        0x2 
 .text.ADC0_IRQHandler
                0x00002080       0xc0 ./src/main.o
                0x00002080                ADC0_IRQHandler
 .text.PORTC_IRQHandler
                0x00002140      0x1a4 ./src/main.o
                0x00002140                PORTC_IRQHandler
 .text.LPIT0_Ch0_IRQHandler
                0x000022e4      0x128 ./src/main.o
                0x000022e4                LPIT0_Ch0_IRQHandler
 .text.main     0x0000240c       0x9c ./src/main.o
                0x0000240c                main
 .text.pow      0x000024a8      0x2c8 C:/NXP/S32DS.3.4/S32DS/build_tools/gcc_v6.3/gcc-6.3-arm32-eabi/arm-none-eabi/newlib/lib/thumb/v7e-m\libm.a(lib_a-w_pow.o)
                0x000024a8                pow
 .text.__ieee754_pow
                0x00002770      0x9e4 C:/NXP/S32DS.3.4/S32DS/build_tools/gcc_v6.3/gcc-6.3-arm32-eabi/arm-none-eabi/newlib/lib/thumb/v7e-m\libm.a(lib_a-e_pow.o)
                0x00002770                __ieee754_pow
 .text.__ieee754_sqrt
                0x00003154      0x158 C:/NXP/S32DS.3.4/S32DS/build_tools/gcc_v6.3/gcc-6.3-arm32-eabi/arm-none-eabi/newlib/lib/thumb/v7e-m\libm.a(lib_a-e_sqrt.o)
                0x00003154                __ieee754_sqrt
 .text.fabs     0x000032ac        0x6 C:/NXP/S32DS.3.4/S32DS/build_tools/gcc_v6.3/gcc-6.3-arm32-eabi/arm-none-eabi/newlib/lib/thumb/v7e-m\libm.a(lib_a-s_fabs.o)
                0x000032ac                fabs
 .text.finite   0x000032b2        0xc C:/NXP/S32DS.3.4/S32DS/build_tools/gcc_v6.3/gcc-6.3-arm32-eabi/arm-none-eabi/newlib/lib/thumb/v7e-m\libm.a(lib_a-s_finite.o)
                0x000032b2                finite
 .text.matherr  0x000032be        0x4 C:/NXP/S32DS.3.4/S32DS/build_tools/gcc_v6.3/gcc-6.3-arm32-eabi/arm-none-eabi/newlib/lib/thumb/v7e-m\libm.a(lib_a-s_matherr.o)
                0x000032be                matherr
 *fill*         0x000032c2        0x2 
 .text.nan      0x000032c4        0xc C:/NXP/S32DS.3.4/S32DS/build_tools/gcc_v6.3/gcc-6.3-arm32-eabi/arm-none-eabi/newlib/lib/thumb/v7e-m\libm.a(lib_a-s_nan.o)
                0x000032c4                nan
 .text.rint     0x000032d0      0x110 C:/NXP/S32DS.3.4/S32DS/build_tools/gcc_v6.3/gcc-6.3-arm32-eabi/arm-none-eabi/newlib/lib/thumb/v7e-m\libm.a(lib_a-s_rint.o)
                0x000032d0                rint
 .text.scalbn   0x000033e0       0xdc C:/NXP/S32DS.3.4/S32DS/build_tools/gcc_v6.3/gcc-6.3-arm32-eabi/arm-none-eabi/newlib/lib/thumb/v7e-m\libm.a(lib_a-s_scalbn.o)
                0x000033e0                scalbn
 .text.copysign
                0x000034bc        0xe C:/NXP/S32DS.3.4/S32DS/build_tools/gcc_v6.3/gcc-6.3-arm32-eabi/arm-none-eabi/newlib/lib/thumb/v7e-m\libm.a(lib_a-s_copysign.o)
                0x000034bc                copysign
 *fill*         0x000034ca        0x2 
 .text.__errno  0x000034cc        0xc C:/NXP/S32DS.3.4/S32DS/build_tools/gcc_v6.3/gcc-6.3-arm32-eabi/arm-none-eabi/newlib/lib/thumb/v7e-m\libc.a(lib_a-errno.o)
                0x000034cc                __errno
 .text.exit     0x000034d8       0x20 C:/NXP/S32DS.3.4/S32DS/build_tools/gcc_v6.3/gcc-6.3-arm32-eabi/arm-none-eabi/newlib/lib/thumb/v7e-m\libc.a(lib_a-exit.o)
                0x000034d8                exit
 .text.__libc_init_array
                0x000034f8       0x48 C:/NXP/S32DS.3.4/S32DS/build_tools/gcc_v6.3/gcc-6.3-arm32-eabi/arm-none-eabi/newlib/lib/thumb/v7e-m\libc.a(lib_a-init.o)
                0x000034f8                __libc_init_array
 .text.memset   0x00003540       0x10 C:/NXP/S32DS.3.4/S32DS/build_tools/gcc_v6.3/gcc-6.3-arm32-eabi/arm-none-eabi/newlib/lib/thumb/v7e-m\libc.a(lib_a-memset.o)
                0x00003540                memset
 .text.strncpy  0x00003550       0x2a C:/NXP/S32DS.3.4/S32DS/build_tools/gcc_v6.3/gcc-6.3-arm32-eabi/arm-none-eabi/newlib/lib/thumb/v7e-m\libc.a(lib_a-strncpy.o)
                0x00003550                strncpy
 *fill*         0x0000357a        0x2 
 .text.startup.register_fini
                0x0000357c       0x14 C:/NXP/S32DS.3.4/S32DS/build_tools/gcc_v6.3/gcc-6.3-arm32-eabi/arm-none-eabi/newlib/lib/thumb/v7e-m\libc.a(lib_a-__call_atexit.o)
 .text.__call_exitprocs
                0x00003590       0xc8 C:/NXP/S32DS.3.4/S32DS/build_tools/gcc_v6.3/gcc-6.3-arm32-eabi/arm-none-eabi/newlib/lib/thumb/v7e-m\libc.a(lib_a-__call_atexit.o)
                0x00003590                __call_exitprocs
 .text.__libc_fini_array
                0x00003658       0x28 C:/NXP/S32DS.3.4/S32DS/build_tools/gcc_v6.3/gcc-6.3-arm32-eabi/arm-none-eabi/newlib/lib/thumb/v7e-m\libc.a(lib_a-fini.o)
                0x00003658                __libc_fini_array
 .text.atexit   0x00003680        0xc C:/NXP/S32DS.3.4/S32DS/build_tools/gcc_v6.3/gcc-6.3-arm32-eabi/arm-none-eabi/newlib/lib/thumb/v7e-m\libc.a(lib_a-atexit.o)
                0x00003680                atexit
 .text.__register_exitproc
                0x0000368c       0x98 C:/NXP/S32DS.3.4/S32DS/build_tools/gcc_v6.3/gcc-6.3-arm32-eabi/arm-none-eabi/newlib/lib/thumb/v7e-m\libc.a(lib_a-__atexit.o)
                0x0000368c                __register_exitproc
 .text._exit    0x00003724        0x2 C:/NXP/S32DS.3.4/S32DS/build_tools/gcc_v6.3/gcc-6.3-arm32-eabi/arm-none-eabi/newlib/lib/thumb/v7e-m\libnosys.a(_exit.o)
                0x00003724                _exit
 *(.rodata)
 *fill*         0x00003726        0x2 
 .rodata        0x00003728       0x11 ./src/Message.o
 *(.rodata*)
 *fill*         0x00003739        0x3 
 .rodata.Driver_GPIO
                0x0000373c       0x20 ./drivers/Driver_GPIO.o
                0x0000373c                Driver_GPIO
 .rodata.pow.str1.1
                0x0000375c        0x4 C:/NXP/S32DS.3.4/S32DS/build_tools/gcc_v6.3/gcc-6.3-arm32-eabi/arm-none-eabi/newlib/lib/thumb/v7e-m\libm.a(lib_a-w_pow.o)
 .rodata.__ieee754_pow.str1.1
                0x00003760        0x4 C:/NXP/S32DS.3.4/S32DS/build_tools/gcc_v6.3/gcc-6.3-arm32-eabi/arm-none-eabi/newlib/lib/thumb/v7e-m\libm.a(lib_a-e_pow.o)
                                  0x1 (size before relaxing)
 .rodata.bp     0x00003760       0x10 C:/NXP/S32DS.3.4/S32DS/build_tools/gcc_v6.3/gcc-6.3-arm32-eabi/arm-none-eabi/newlib/lib/thumb/v7e-m\libm.a(lib_a-e_pow.o)
 .rodata.dp_h   0x00003770       0x10 C:/NXP/S32DS.3.4/S32DS/build_tools/gcc_v6.3/gcc-6.3-arm32-eabi/arm-none-eabi/newlib/lib/thumb/v7e-m\libm.a(lib_a-e_pow.o)
 .rodata.dp_l   0x00003780       0x10 C:/NXP/S32DS.3.4/S32DS/build_tools/gcc_v6.3/gcc-6.3-arm32-eabi/arm-none-eabi/newlib/lib/thumb/v7e-m\libm.a(lib_a-e_pow.o)
 .rodata.TWO52  0x00003790       0x10 C:/NXP/S32DS.3.4/S32DS/build_tools/gcc_v6.3/gcc-6.3-arm32-eabi/arm-none-eabi/newlib/lib/thumb/v7e-m\libm.a(lib_a-s_rint.o)
 .rodata._global_impure_ptr
                0x000037a0        0x4 C:/NXP/S32DS.3.4/S32DS/build_tools/gcc_v6.3/gcc-6.3-arm32-eabi/arm-none-eabi/newlib/lib/thumb/v7e-m\libc.a(lib_a-impure.o)
                0x000037a0                _global_impure_ptr
 *(.glue_7)
 .glue_7        0x000037a4        0x0 linker stubs
 *(.glue_7t)
 .glue_7t       0x000037a4        0x0 linker stubs
 *(.eh_frame)
 .eh_frame      0x000037a4        0x0 c:/nxp/s32ds.3.4/s32ds/build_tools/gcc_v6.3/gcc-6.3-arm32-eabi/bin/../lib/gcc/arm-none-eabi/6.3.1/thumb/v7e-m/crtbegin.o
 *(.init)
 .init          0x000037a4        0x4 c:/nxp/s32ds.3.4/s32ds/build_tools/gcc_v6.3/gcc-6.3-arm32-eabi/bin/../lib/gcc/arm-none-eabi/6.3.1/thumb/v7e-m/crti.o
                0x000037a4                _init
 .init          0x000037a8        0x8 c:/nxp/s32ds.3.4/s32ds/build_tools/gcc_v6.3/gcc-6.3-arm32-eabi/bin/../lib/gcc/arm-none-eabi/6.3.1/thumb/v7e-m/crtn.o
 *(.fini)
 .fini          0x000037b0        0x4 c:/nxp/s32ds.3.4/s32ds/build_tools/gcc_v6.3/gcc-6.3-arm32-eabi/bin/../lib/gcc/arm-none-eabi/6.3.1/thumb/v7e-m/crti.o
                0x000037b0                _fini
 .fini          0x000037b4        0x8 c:/nxp/s32ds.3.4/s32ds/build_tools/gcc_v6.3/gcc-6.3-arm32-eabi/bin/../lib/gcc/arm-none-eabi/6.3.1/thumb/v7e-m/crtn.o
                0x000037bc                . = ALIGN (0x4)

.vfp11_veneer   0x000037bc        0x0
 .vfp11_veneer  0x000037bc        0x0 linker stubs

.v4_bx          0x000037bc        0x0
 .v4_bx         0x000037bc        0x0 linker stubs

.iplt           0x000037bc        0x0
 .iplt          0x000037bc        0x0 c:/nxp/s32ds.3.4/s32ds/build_tools/gcc_v6.3/gcc-6.3-arm32-eabi/bin/../lib/gcc/arm-none-eabi/6.3.1/thumb/v7e-m/crtbegin.o

.ARM.extab
 *(.ARM.extab* .gnu.linkonce.armextab.*)

.ARM            0x000037bc        0x8
                0x000037bc                __exidx_start = .
 *(.ARM.exidx*)
 .ARM.exidx     0x000037bc        0x8 C:/NXP/S32DS.3.4/S32DS/build_tools/gcc_v6.3/gcc-6.3-arm32-eabi/arm-none-eabi/newlib/lib/thumb/v7e-m/crt0.o
                0x000037c4                __exidx_end = .

.rel.dyn        0x000037c4        0x0
 .rel.iplt      0x000037c4        0x0 c:/nxp/s32ds.3.4/s32ds/build_tools/gcc_v6.3/gcc-6.3-arm32-eabi/bin/../lib/gcc/arm-none-eabi/6.3.1/thumb/v7e-m/crtbegin.o

.ctors          0x000037c4        0x0
                0x000037c4                __CTOR_LIST__ = .
 *crtbegin.o(.ctors)
 *crtbegin?.o(.ctors)
 *(EXCLUDE_FILE(*crtend.o *crtend?.o) .ctors)
 *(SORT(.ctors.*))
 *(.ctors)
                0x000037c4                __CTOR_END__ = .

.dtors          0x000037c4        0x0
                0x000037c4                __DTOR_LIST__ = .
 *crtbegin.o(.dtors)
 *crtbegin?.o(.dtors)
 *(EXCLUDE_FILE(*crtend.o *crtend?.o) .dtors)
 *(SORT(.dtors.*))
 *(.dtors)
                0x000037c4                __DTOR_END__ = .

.preinit_array  0x000037c4        0x0
                0x000037c4                PROVIDE (__preinit_array_start, .)
 *(.preinit_array*)
                0x000037c4                PROVIDE (__preinit_array_end, .)

.init_array     0x000037c4        0x8
                0x000037c4                PROVIDE (__init_array_start, .)
 *(SORT(.init_array.*))
 .init_array.00000
                0x000037c4        0x4 C:/NXP/S32DS.3.4/S32DS/build_tools/gcc_v6.3/gcc-6.3-arm32-eabi/arm-none-eabi/newlib/lib/thumb/v7e-m\libc.a(lib_a-__call_atexit.o)
 *(.init_array*)
 .init_array    0x000037c8        0x4 c:/nxp/s32ds.3.4/s32ds/build_tools/gcc_v6.3/gcc-6.3-arm32-eabi/bin/../lib/gcc/arm-none-eabi/6.3.1/thumb/v7e-m/crtbegin.o
                0x000037cc                PROVIDE (__init_array_end, .)

.fini_array     0x000037cc        0x4
                0x000037cc                PROVIDE (__fini_array_start, .)
 *(SORT(.fini_array.*))
 *(.fini_array*)
 .fini_array    0x000037cc        0x4 c:/nxp/s32ds.3.4/s32ds/build_tools/gcc_v6.3/gcc-6.3-arm32-eabi/bin/../lib/gcc/arm-none-eabi/6.3.1/thumb/v7e-m/crtbegin.o
                0x000037d0                PROVIDE (__fini_array_end, .)
                0x000037d0                __etext = .
                0x000037d0                __DATA_ROM = .

.interrupts_ram
                0x1fff8000      0x400
                0x1fff8000                . = ALIGN (0x4)
                0x1fff8000                __VECTOR_RAM__ = .
                0x1fff8000                __RAM_START = .
                0x1fff8000                __interrupts_ram_start__ = .
 *(.m_interrupts_ram)
                0x1fff8400                . = (. + M_VECTOR_RAM_SIZE)
 *fill*         0x1fff8000      0x400 
                0x1fff8400                . = ALIGN (0x4)
                0x1fff8400                __interrupts_ram_end__ = .
                0x1fff8000                __VECTOR_RAM = DEFINED (__flash_vector_table__)?ORIGIN (m_interrupts):__VECTOR_RAM__
                0x00000400                __RAM_VECTOR_TABLE_SIZE = DEFINED (__flash_vector_table__)?0x0:(__interrupts_ram_end__ - __interrupts_ram_start__)

.data           0x1fff8400      0x42c load address 0x000037d0
                0x1fff8400                . = ALIGN (0x4)
                0x1fff8400                __DATA_RAM = .
                0x1fff8400                __data_start__ = .
 *(.data)
 *(.data*)
 .data.GPIO_drv
                0x1fff8400        0x4 ./middleware/Middleware.o
 .data.__fdlib_version
                0x1fff8404        0x1 C:/NXP/S32DS.3.4/S32DS/build_tools/gcc_v6.3/gcc-6.3-arm32-eabi/arm-none-eabi/newlib/lib/thumb/v7e-m\libm.a(lib_a-s_lib_ver.o)
                0x1fff8404                __fdlib_version
 *fill*         0x1fff8405        0x3 
 .data._impure_ptr
                0x1fff8408        0x4 C:/NXP/S32DS.3.4/S32DS/build_tools/gcc_v6.3/gcc-6.3-arm32-eabi/arm-none-eabi/newlib/lib/thumb/v7e-m\libc.a(lib_a-impure.o)
                0x1fff8408                _impure_ptr
 *fill*         0x1fff840c        0x4 
 .data.impure_data
                0x1fff8410      0x418 C:/NXP/S32DS.3.4/S32DS/build_tools/gcc_v6.3/gcc-6.3-arm32-eabi/arm-none-eabi/newlib/lib/thumb/v7e-m\libc.a(lib_a-impure.o)
 *(.jcr*)
 .jcr           0x1fff8828        0x0 c:/nxp/s32ds.3.4/s32ds/build_tools/gcc_v6.3/gcc-6.3-arm32-eabi/bin/../lib/gcc/arm-none-eabi/6.3.1/thumb/v7e-m/crtbegin.o
 .jcr           0x1fff8828        0x4 c:/nxp/s32ds.3.4/s32ds/build_tools/gcc_v6.3/gcc-6.3-arm32-eabi/bin/../lib/gcc/arm-none-eabi/6.3.1/thumb/v7e-m/crtend.o
                0x1fff882c                . = ALIGN (0x4)
                0x1fff882c                __data_end__ = .
                0x00003bfc                __DATA_END = (__DATA_ROM + (__data_end__ - __data_start__))
                0x00003bfc                __CODE_ROM = __DATA_END

.tm_clone_table
                0x1fff882c        0x0 load address 0x00003bfc
 .tm_clone_table
                0x1fff882c        0x0 c:/nxp/s32ds.3.4/s32ds/build_tools/gcc_v6.3/gcc-6.3-arm32-eabi/bin/../lib/gcc/arm-none-eabi/6.3.1/thumb/v7e-m/crtbegin.o
 .tm_clone_table
                0x1fff882c        0x0 c:/nxp/s32ds.3.4/s32ds/build_tools/gcc_v6.3/gcc-6.3-arm32-eabi/bin/../lib/gcc/arm-none-eabi/6.3.1/thumb/v7e-m/crtend.o

.igot.plt       0x1fff882c        0x0 load address 0x00003bfc
 .igot.plt      0x1fff882c        0x0 c:/nxp/s32ds.3.4/s32ds/build_tools/gcc_v6.3/gcc-6.3-arm32-eabi/bin/../lib/gcc/arm-none-eabi/6.3.1/thumb/v7e-m/crtbegin.o

.code           0x1fff882c        0x0 load address 0x00003bfc
                0x1fff882c                . = ALIGN (0x4)
                0x1fff882c                __CODE_RAM = .
                0x1fff882c                __code_start__ = .
                0x1fff882c                __code_ram_start__ = .
 *(.code_ram)
                0x1fff882c                . = ALIGN (0x4)
                0x1fff882c                __code_end__ = .
                0x1fff882c                __code_ram_end__ = .
                0x00003bfc                __CODE_END = (__CODE_ROM + (__code_end__ - __code_start__))
                0x00003bfc                __CUSTOM_ROM = __CODE_END

.customSectionBlock
                0x20000000        0x0 load address 0x00003bfc
                0x20000000                __customSection_start__ = .
 *(.customSection)
                0x20000000                __customSection_end__ = .
                0x00003bfc                __CUSTOM_END = (__CUSTOM_ROM + (__customSection_end__ - __customSection_start__))

.bss            0x20000000       0x4c
                0x20000000                . = ALIGN (0x4)
                0x20000000                __BSS_START = .
                0x20000000                __bss_start__ = .
 *(.bss)
 .bss           0x20000000       0x1c c:/nxp/s32ds.3.4/s32ds/build_tools/gcc_v6.3/gcc-6.3-arm32-eabi/bin/../lib/gcc/arm-none-eabi/6.3.1/thumb/v7e-m/crtbegin.o
 *(.bss*)
 .bss.milliseconds
                0x2000001c        0x4 ./core/Core_Systick.o
                0x2000001c                milliseconds
 .bss.gpio_event_cb
                0x20000020        0x4 ./drivers/Driver_GPIO.o
 .bss.FunctionCall
                0x20000024        0x4 ./drivers/Driver_UART.o
 .bss.buttonPressed
                0x20000028        0x1 ./src/main.o
                0x20000028                buttonPressed
 *fill*         0x20000029        0x3 
 .bss.timerCounter
                0x2000002c        0x4 ./src/main.o
                0x2000002c                timerCounter
 .bss.num       0x20000030        0x2 ./src/main.o
                0x20000030                num
 .bss.previous_volume_value
                0x20000032        0x2 ./src/main.o
                0x20000032                previous_volume_value
 .bss.i         0x20000034        0x1 ./src/main.o
                0x20000034                i
 .bss.messageReceived
                0x20000035        0x1 ./src/main.o
                0x20000035                messageReceived
 .bss.play      0x20000036        0x1 ./src/main.o
                0x20000036                play
 *(COMMON)
 *fill*         0x20000037        0x1 
 COMMON         0x20000038       0x14 ./src/main.o
                0x20000038                p
                0x20000040                ADC_Value
                0x20000044                temp_str
                0x2000004c                . = ALIGN (0x4)
                0x2000004c                __bss_end__ = .
                0x2000004c                __BSS_END = .

.heap           0x2000004c      0x404
                0x20000050                . = ALIGN (0x8)
 *fill*         0x2000004c        0x4 
                0x20000050                __end__ = .
                0x20000050                __heap_start__ = .
                [!provide]                PROVIDE (end, .)
                [!provide]                PROVIDE (_end, .)
                [!provide]                PROVIDE (__end, .)
                0x20000050                __HeapBase = .
                0x20000450                . = (. + HEAP_SIZE)
 *fill*         0x20000050      0x400 
                0x20000450                __HeapLimit = .
                0x20000450                __heap_limit = .
                0x20000450                __heap_end__ = .
                0x20007000                __StackTop = (ORIGIN (m_data_2) + LENGTH (m_data_2))
                0x20006c00                __StackLimit = (__StackTop - STACK_SIZE)
                0x20007000                PROVIDE (__stack, __StackTop)
                0x20007000                __RAM_END = __StackTop

.stack          0x20006c00      0x400
                0x20006c00                . = ALIGN (0x8)
                0x20006c00                __stack_start__ = .
                0x20007000                . = (. + STACK_SIZE)
 *fill*         0x20006c00      0x400 
                0x20007000                __stack_end__ = .
                0x20000000                __START_BSS = __BSS_START
                0x2000004c                __END_BSS = __BSS_END
                0x20007000                __SP_INIT = __StackTop

.ARM.attributes
                0x00000000       0x2a
 *(.ARM.attributes)
 .ARM.attributes
                0x00000000       0x1e c:/nxp/s32ds.3.4/s32ds/build_tools/gcc_v6.3/gcc-6.3-arm32-eabi/bin/../lib/gcc/arm-none-eabi/6.3.1/thumb/v7e-m/crti.o
 .ARM.attributes
                0x0000001e       0x2e c:/nxp/s32ds.3.4/s32ds/build_tools/gcc_v6.3/gcc-6.3-arm32-eabi/bin/../lib/gcc/arm-none-eabi/6.3.1/thumb/v7e-m/crtbegin.o
 .ARM.attributes
                0x0000004c       0x1c C:/NXP/S32DS.3.4/S32DS/build_tools/gcc_v6.3/gcc-6.3-arm32-eabi/arm-none-eabi/newlib/lib/thumb/v7e-m/crt0.o
 .ARM.attributes
                0x00000068       0x33 ./Project_Settings/Startup_Code/startup.o
 .ARM.attributes
                0x0000009b       0x1b ./Project_Settings/Startup_Code/startup_S32K144.o
 .ARM.attributes
                0x000000b6       0x33 ./Project_Settings/Startup_Code/system_S32K144.o
 .ARM.attributes
                0x000000e9       0x33 ./core/Core_NVIC.o
 .ARM.attributes
                0x0000011c       0x33 ./core/Core_Systick.o
 .ARM.attributes
                0x0000014f       0x33 ./drivers/Driver_ADC.o
 .ARM.attributes
                0x00000182       0x33 ./drivers/Driver_GPIO.o
 .ARM.attributes
                0x000001b5       0x33 ./drivers/Driver_UART.o
 .ARM.attributes
                0x000001e8       0x33 ./middleware/Middleware.o
 .ARM.attributes
                0x0000021b       0x33 ./src/Message.o
 .ARM.attributes
                0x0000024e       0x33 ./src/main.o
 .ARM.attributes
                0x00000281       0x2e C:/NXP/S32DS.3.4/S32DS/build_tools/gcc_v6.3/gcc-6.3-arm32-eabi/arm-none-eabi/newlib/lib/thumb/v7e-m\libm.a(lib_a-w_pow.o)
 .ARM.attributes
                0x000002af       0x2e C:/NXP/S32DS.3.4/S32DS/build_tools/gcc_v6.3/gcc-6.3-arm32-eabi/arm-none-eabi/newlib/lib/thumb/v7e-m\libm.a(lib_a-e_pow.o)
 .ARM.attributes
                0x000002dd       0x2e C:/NXP/S32DS.3.4/S32DS/build_tools/gcc_v6.3/gcc-6.3-arm32-eabi/arm-none-eabi/newlib/lib/thumb/v7e-m\libm.a(lib_a-e_sqrt.o)
 .ARM.attributes
                0x0000030b       0x2e C:/NXP/S32DS.3.4/S32DS/build_tools/gcc_v6.3/gcc-6.3-arm32-eabi/arm-none-eabi/newlib/lib/thumb/v7e-m\libm.a(lib_a-s_fabs.o)
 .ARM.attributes
                0x00000339       0x2e C:/NXP/S32DS.3.4/S32DS/build_tools/gcc_v6.3/gcc-6.3-arm32-eabi/arm-none-eabi/newlib/lib/thumb/v7e-m\libm.a(lib_a-s_finite.o)
 .ARM.attributes
                0x00000367       0x2e C:/NXP/S32DS.3.4/S32DS/build_tools/gcc_v6.3/gcc-6.3-arm32-eabi/arm-none-eabi/newlib/lib/thumb/v7e-m\libm.a(lib_a-s_lib_ver.o)
 .ARM.attributes
                0x00000395       0x2e C:/NXP/S32DS.3.4/S32DS/build_tools/gcc_v6.3/gcc-6.3-arm32-eabi/arm-none-eabi/newlib/lib/thumb/v7e-m\libm.a(lib_a-s_matherr.o)
 .ARM.attributes
                0x000003c3       0x2e C:/NXP/S32DS.3.4/S32DS/build_tools/gcc_v6.3/gcc-6.3-arm32-eabi/arm-none-eabi/newlib/lib/thumb/v7e-m\libm.a(lib_a-s_nan.o)
 .ARM.attributes
                0x000003f1       0x2e C:/NXP/S32DS.3.4/S32DS/build_tools/gcc_v6.3/gcc-6.3-arm32-eabi/arm-none-eabi/newlib/lib/thumb/v7e-m\libm.a(lib_a-s_rint.o)
 .ARM.attributes
                0x0000041f       0x2e C:/NXP/S32DS.3.4/S32DS/build_tools/gcc_v6.3/gcc-6.3-arm32-eabi/arm-none-eabi/newlib/lib/thumb/v7e-m\libm.a(lib_a-s_scalbn.o)
 .ARM.attributes
                0x0000044d       0x2e C:/NXP/S32DS.3.4/S32DS/build_tools/gcc_v6.3/gcc-6.3-arm32-eabi/arm-none-eabi/newlib/lib/thumb/v7e-m\libm.a(lib_a-s_copysign.o)
 .ARM.attributes
                0x0000047b       0x1e c:/nxp/s32ds.3.4/s32ds/build_tools/gcc_v6.3/gcc-6.3-arm32-eabi/bin/../lib/gcc/arm-none-eabi/6.3.1/thumb/v7e-m\libgcc.a(_arm_addsubdf3.o)
 .ARM.attributes
                0x00000499       0x1e c:/nxp/s32ds.3.4/s32ds/build_tools/gcc_v6.3/gcc-6.3-arm32-eabi/bin/../lib/gcc/arm-none-eabi/6.3.1/thumb/v7e-m\libgcc.a(_arm_muldivdf3.o)
 .ARM.attributes
                0x000004b7       0x1e c:/nxp/s32ds.3.4/s32ds/build_tools/gcc_v6.3/gcc-6.3-arm32-eabi/bin/../lib/gcc/arm-none-eabi/6.3.1/thumb/v7e-m\libgcc.a(_arm_cmpdf2.o)
 .ARM.attributes
                0x000004d5       0x1e c:/nxp/s32ds.3.4/s32ds/build_tools/gcc_v6.3/gcc-6.3-arm32-eabi/bin/../lib/gcc/arm-none-eabi/6.3.1/thumb/v7e-m\libgcc.a(_arm_unorddf2.o)
 .ARM.attributes
                0x000004f3       0x1e c:/nxp/s32ds.3.4/s32ds/build_tools/gcc_v6.3/gcc-6.3-arm32-eabi/bin/../lib/gcc/arm-none-eabi/6.3.1/thumb/v7e-m\libgcc.a(_arm_fixunsdfsi.o)
 .ARM.attributes
                0x00000511       0x2e C:/NXP/S32DS.3.4/S32DS/build_tools/gcc_v6.3/gcc-6.3-arm32-eabi/arm-none-eabi/newlib/lib/thumb/v7e-m\libc.a(lib_a-errno.o)
 .ARM.attributes
                0x0000053f       0x2e C:/NXP/S32DS.3.4/S32DS/build_tools/gcc_v6.3/gcc-6.3-arm32-eabi/arm-none-eabi/newlib/lib/thumb/v7e-m\libc.a(lib_a-exit.o)
 .ARM.attributes
                0x0000056d       0x2e C:/NXP/S32DS.3.4/S32DS/build_tools/gcc_v6.3/gcc-6.3-arm32-eabi/arm-none-eabi/newlib/lib/thumb/v7e-m\libc.a(lib_a-impure.o)
 .ARM.attributes
                0x0000059b       0x2e C:/NXP/S32DS.3.4/S32DS/build_tools/gcc_v6.3/gcc-6.3-arm32-eabi/arm-none-eabi/newlib/lib/thumb/v7e-m\libc.a(lib_a-init.o)
 .ARM.attributes
                0x000005c9       0x2e C:/NXP/S32DS.3.4/S32DS/build_tools/gcc_v6.3/gcc-6.3-arm32-eabi/arm-none-eabi/newlib/lib/thumb/v7e-m\libc.a(lib_a-memset.o)
 .ARM.attributes
                0x000005f7       0x2e C:/NXP/S32DS.3.4/S32DS/build_tools/gcc_v6.3/gcc-6.3-arm32-eabi/arm-none-eabi/newlib/lib/thumb/v7e-m\libc.a(lib_a-strncpy.o)
 .ARM.attributes
                0x00000625       0x2e C:/NXP/S32DS.3.4/S32DS/build_tools/gcc_v6.3/gcc-6.3-arm32-eabi/arm-none-eabi/newlib/lib/thumb/v7e-m\libc.a(lib_a-__call_atexit.o)
 .ARM.attributes
                0x00000653       0x2e C:/NXP/S32DS.3.4/S32DS/build_tools/gcc_v6.3/gcc-6.3-arm32-eabi/arm-none-eabi/newlib/lib/thumb/v7e-m\libc.a(lib_a-fini.o)
 .ARM.attributes
                0x00000681       0x2e C:/NXP/S32DS.3.4/S32DS/build_tools/gcc_v6.3/gcc-6.3-arm32-eabi/arm-none-eabi/newlib/lib/thumb/v7e-m\libc.a(lib_a-atexit.o)
 .ARM.attributes
                0x000006af       0x2e C:/NXP/S32DS.3.4/S32DS/build_tools/gcc_v6.3/gcc-6.3-arm32-eabi/arm-none-eabi/newlib/lib/thumb/v7e-m\libc.a(lib_a-__atexit.o)
 .ARM.attributes
                0x000006dd       0x2e C:/NXP/S32DS.3.4/S32DS/build_tools/gcc_v6.3/gcc-6.3-arm32-eabi/arm-none-eabi/newlib/lib/thumb/v7e-m\libnosys.a(_exit.o)
 .ARM.attributes
                0x0000070b       0x2e c:/nxp/s32ds.3.4/s32ds/build_tools/gcc_v6.3/gcc-6.3-arm32-eabi/bin/../lib/gcc/arm-none-eabi/6.3.1/thumb/v7e-m/crtend.o
 .ARM.attributes
                0x00000739       0x1e c:/nxp/s32ds.3.4/s32ds/build_tools/gcc_v6.3/gcc-6.3-arm32-eabi/bin/../lib/gcc/arm-none-eabi/6.3.1/thumb/v7e-m/crtn.o
                0x00000001                ASSERT ((__StackLimit >= __HeapLimit), region m_data_2 overflowed with stack and heap)
OUTPUT(MCU_G4.elf elf32-littlearm)

.comment        0x00000000       0xa0
 .comment       0x00000000       0xa0 c:/nxp/s32ds.3.4/s32ds/build_tools/gcc_v6.3/gcc-6.3-arm32-eabi/bin/../lib/gcc/arm-none-eabi/6.3.1/thumb/v7e-m/crtbegin.o
                                 0xa1 (size before relaxing)
 .comment       0x000000a0       0xa1 ./Project_Settings/Startup_Code/startup.o
 .comment       0x000000a0       0xa1 ./Project_Settings/Startup_Code/system_S32K144.o
 .comment       0x000000a0       0xa1 ./core/Core_NVIC.o
 .comment       0x000000a0       0xa1 ./core/Core_Systick.o
 .comment       0x000000a0       0xa1 ./drivers/Driver_ADC.o
 .comment       0x000000a0       0xa1 ./drivers/Driver_GPIO.o
 .comment       0x000000a0       0xa1 ./drivers/Driver_UART.o
 .comment       0x000000a0       0xa1 ./middleware/Middleware.o
 .comment       0x000000a0       0xa1 ./src/Message.o
 .comment       0x000000a0       0xa1 ./src/main.o
 .comment       0x000000a0       0xa1 c:/nxp/s32ds.3.4/s32ds/build_tools/gcc_v6.3/gcc-6.3-arm32-eabi/bin/../lib/gcc/arm-none-eabi/6.3.1/thumb/v7e-m/crtend.o

.debug_info     0x00000000     0x591c
 .debug_info    0x00000000      0x471 ./Project_Settings/Startup_Code/startup.o
 .debug_info    0x00000471       0x26 ./Project_Settings/Startup_Code/startup_S32K144.o
 .debug_info    0x00000497      0x522 ./Project_Settings/Startup_Code/system_S32K144.o
 .debug_info    0x000009b9      0x4c9 ./core/Core_NVIC.o
 .debug_info    0x00000e82      0x3cf ./core/Core_Systick.o
 .debug_info    0x00001251      0x7ab ./drivers/Driver_ADC.o
 .debug_info    0x000019fc      0xa93 ./drivers/Driver_GPIO.o
 .debug_info    0x0000248f      0xa74 ./drivers/Driver_UART.o
 .debug_info    0x00002f03      0x9e0 ./middleware/Middleware.o
 .debug_info    0x000038e3      0xb6b ./src/Message.o
 .debug_info    0x0000444e     0x14ce ./src/main.o

.debug_abbrev   0x00000000     0x1048
 .debug_abbrev  0x00000000      0x108 ./Project_Settings/Startup_Code/startup.o
 .debug_abbrev  0x00000108       0x14 ./Project_Settings/Startup_Code/startup_S32K144.o
 .debug_abbrev  0x0000011c      0x125 ./Project_Settings/Startup_Code/system_S32K144.o
 .debug_abbrev  0x00000241      0x105 ./core/Core_NVIC.o
 .debug_abbrev  0x00000346      0x11c ./core/Core_Systick.o
 .debug_abbrev  0x00000462      0x133 ./drivers/Driver_ADC.o
 .debug_abbrev  0x00000595      0x220 ./drivers/Driver_GPIO.o
 .debug_abbrev  0x000007b5      0x1fd ./drivers/Driver_UART.o
 .debug_abbrev  0x000009b2      0x188 ./middleware/Middleware.o
 .debug_abbrev  0x00000b3a      0x225 ./src/Message.o
 .debug_abbrev  0x00000d5f      0x2e9 ./src/main.o

.debug_aranges  0x00000000      0x2d0
 .debug_aranges
                0x00000000       0x20 ./Project_Settings/Startup_Code/startup.o
 .debug_aranges
                0x00000020       0x20 ./Project_Settings/Startup_Code/startup_S32K144.o
 .debug_aranges
                0x00000040       0x30 ./Project_Settings/Startup_Code/system_S32K144.o
 .debug_aranges
                0x00000070       0x30 ./core/Core_NVIC.o
 .debug_aranges
                0x000000a0       0x38 ./core/Core_Systick.o
 .debug_aranges
                0x000000d8       0x28 ./drivers/Driver_ADC.o
 .debug_aranges
                0x00000100       0x60 ./drivers/Driver_GPIO.o
 .debug_aranges
                0x00000160       0x80 ./drivers/Driver_UART.o
 .debug_aranges
                0x000001e0       0x48 ./middleware/Middleware.o
 .debug_aranges
                0x00000228       0x58 ./src/Message.o
 .debug_aranges
                0x00000280       0x50 ./src/main.o

.debug_ranges   0x00000000      0x258
 .debug_ranges  0x00000000       0x10 ./Project_Settings/Startup_Code/startup.o
 .debug_ranges  0x00000010       0x20 ./Project_Settings/Startup_Code/system_S32K144.o
 .debug_ranges  0x00000030       0x20 ./core/Core_NVIC.o
 .debug_ranges  0x00000050       0x28 ./core/Core_Systick.o
 .debug_ranges  0x00000078       0x18 ./drivers/Driver_ADC.o
 .debug_ranges  0x00000090       0x68 ./drivers/Driver_GPIO.o
 .debug_ranges  0x000000f8       0x70 ./drivers/Driver_UART.o
 .debug_ranges  0x00000168       0x38 ./middleware/Middleware.o
 .debug_ranges  0x000001a0       0x60 ./src/Message.o
 .debug_ranges  0x00000200       0x58 ./src/main.o

.debug_macro    0x00000000    0x20d3a
 .debug_macro   0x00000000       0xb5 ./Project_Settings/Startup_Code/startup.o
 .debug_macro   0x000000b5      0x8d4 ./Project_Settings/Startup_Code/startup.o
 .debug_macro   0x00000989       0x22 ./Project_Settings/Startup_Code/startup.o
 .debug_macro   0x000009ab       0x87 ./Project_Settings/Startup_Code/startup.o
 .debug_macro   0x00000a32       0x51 ./Project_Settings/Startup_Code/startup.o
 .debug_macro   0x00000a83       0xef ./Project_Settings/Startup_Code/startup.o
 .debug_macro   0x00000b72       0x6a ./Project_Settings/Startup_Code/startup.o
 .debug_macro   0x00000bdc      0x1df ./Project_Settings/Startup_Code/startup.o
 .debug_macro   0x00000dbb       0x10 ./Project_Settings/Startup_Code/startup.o
 .debug_macro   0x00000dcb       0x7a ./Project_Settings/Startup_Code/startup.o
 .debug_macro   0x00000e45     0xee97 ./Project_Settings/Startup_Code/startup.o
 .debug_macro   0x0000fcdc      0xbbe ./Project_Settings/Startup_Code/startup.o
 .debug_macro   0x0001089a       0x22 ./Project_Settings/Startup_Code/startup.o
 .debug_macro   0x000108bc       0x40 ./Project_Settings/Startup_Code/startup.o
 .debug_macro   0x000108fc       0xb5 ./Project_Settings/Startup_Code/system_S32K144.o
 .debug_macro   0x000109b1       0x19 ./Project_Settings/Startup_Code/system_S32K144.o
 .debug_macro   0x000109ca     0xee82 ./Project_Settings/Startup_Code/system_S32K144.o
 .debug_macro   0x0001f84c       0x28 ./Project_Settings/Startup_Code/system_S32K144.o
 .debug_macro   0x0001f874       0x7c ./core/Core_NVIC.o
 .debug_macro   0x0001f8f0       0x86 ./core/Core_Systick.o
 .debug_macro   0x0001f976       0x8a ./drivers/Driver_ADC.o
 .debug_macro   0x0001fa00       0xa8 ./drivers/Driver_GPIO.o
 .debug_macro   0x0001faa8       0x10 ./drivers/Driver_GPIO.o
 .debug_macro   0x0001fab8      0x174 ./drivers/Driver_GPIO.o
 .debug_macro   0x0001fc2c       0x34 ./drivers/Driver_GPIO.o
 .debug_macro   0x0001fc60       0x7c ./drivers/Driver_UART.o
 .debug_macro   0x0001fcdc       0xc0 ./middleware/Middleware.o
 .debug_macro   0x0001fd9c       0x10 ./middleware/Middleware.o
 .debug_macro   0x0001fdac       0x22 ./middleware/Middleware.o
 .debug_macro   0x0001fdce      0x1c2 ./src/Message.o
 .debug_macro   0x0001ff90       0x4c ./src/Message.o
 .debug_macro   0x0001ffdc       0x8d ./src/Message.o
 .debug_macro   0x00020069       0x3c ./src/Message.o
 .debug_macro   0x000200a5       0x9c ./src/Message.o
 .debug_macro   0x00020141       0x57 ./src/Message.o
 .debug_macro   0x00020198       0x52 ./src/Message.o
 .debug_macro   0x000201ea       0x1f ./src/Message.o
 .debug_macro   0x00020209       0x43 ./src/Message.o
 .debug_macro   0x0002024c       0x20 ./src/Message.o
 .debug_macro   0x0002026c      0x1a3 ./src/Message.o
 .debug_macro   0x0002040f      0x30d ./src/Message.o
 .debug_macro   0x0002071c       0x10 ./src/Message.o
 .debug_macro   0x0002072c       0x35 ./src/Message.o
 .debug_macro   0x00020761       0x1c ./src/Message.o
 .debug_macro   0x0002077d       0x10 ./src/Message.o
 .debug_macro   0x0002078d       0x10 ./src/Message.o
 .debug_macro   0x0002079d       0x1c ./src/Message.o
 .debug_macro   0x000207b9       0x52 ./src/Message.o
 .debug_macro   0x0002080b       0x40 ./src/Message.o
 .debug_macro   0x0002084b       0x10 ./src/Message.o
 .debug_macro   0x0002085b       0x40 ./src/Message.o
 .debug_macro   0x0002089b       0xd7 ./src/Message.o
 .debug_macro   0x00020972       0x16 ./src/Message.o
 .debug_macro   0x00020988      0x161 ./src/Message.o
 .debug_macro   0x00020ae9       0x10 ./src/Message.o
 .debug_macro   0x00020af9      0x241 ./src/main.o

.debug_line     0x00000000     0x22b8
 .debug_line    0x00000000      0x2fe ./Project_Settings/Startup_Code/startup.o
 .debug_line    0x000002fe       0x91 ./Project_Settings/Startup_Code/startup_S32K144.o
 .debug_line    0x0000038f      0x31b ./Project_Settings/Startup_Code/system_S32K144.o
 .debug_line    0x000006aa      0x279 ./core/Core_NVIC.o
 .debug_line    0x00000923      0x2bd ./core/Core_Systick.o
 .debug_line    0x00000be0      0x2a7 ./drivers/Driver_ADC.o
 .debug_line    0x00000e87      0x3ba ./drivers/Driver_GPIO.o
 .debug_line    0x00001241      0x3ad ./drivers/Driver_UART.o
 .debug_line    0x000015ee      0x34c ./middleware/Middleware.o
 .debug_line    0x0000193a      0x413 ./src/Message.o
 .debug_line    0x00001d4d      0x56b ./src/main.o

.debug_str      0x00000000    0x6ede0
 .debug_str     0x00000000    0x69504 ./Project_Settings/Startup_Code/startup.o
                              0x69731 (size before relaxing)
 .debug_str     0x00069504       0x3f ./Project_Settings/Startup_Code/startup_S32K144.o
                                 0x5e (size before relaxing)
 .debug_str     0x00069543      0x1f3 ./Project_Settings/Startup_Code/system_S32K144.o
                              0x6950a (size before relaxing)
 .debug_str     0x00069736      0x65d ./core/Core_NVIC.o
                              0x63e93 (size before relaxing)
 .debug_str     0x00069d93       0x98 ./core/Core_Systick.o
                              0x63e43 (size before relaxing)
 .debug_str     0x00069e2b      0x273 ./drivers/Driver_ADC.o
                              0x640f9 (size before relaxing)
 .debug_str     0x0006a09e      0x6f5 ./drivers/Driver_GPIO.o
                              0x64614 (size before relaxing)
 .debug_str     0x0006a793      0x285 ./drivers/Driver_UART.o
                              0x64185 (size before relaxing)
 .debug_str     0x0006aa18       0xd6 ./middleware/Middleware.o
                              0x6424b (size before relaxing)
 .debug_str     0x0006aaee     0x41f6 ./src/Message.o
                               0x719b (size before relaxing)
 .debug_str     0x0006ece4       0xfc ./src/main.o
                              0x684b7 (size before relaxing)

.debug_frame    0x00000000      0xe3c
 .debug_frame   0x00000000       0x38 ./Project_Settings/Startup_Code/startup.o
 .debug_frame   0x00000038       0x80 ./Project_Settings/Startup_Code/system_S32K144.o
 .debug_frame   0x000000b8       0x88 ./core/Core_NVIC.o
 .debug_frame   0x00000140       0x98 ./core/Core_Systick.o
 .debug_frame   0x000001d8       0x54 ./drivers/Driver_ADC.o
 .debug_frame   0x0000022c      0x174 ./drivers/Driver_GPIO.o
 .debug_frame   0x000003a0      0x1f0 ./drivers/Driver_UART.o
 .debug_frame   0x00000590       0xd0 ./middleware/Middleware.o
 .debug_frame   0x00000660      0x144 ./src/Message.o
 .debug_frame   0x000007a4      0x108 ./src/main.o
 .debug_frame   0x000008ac       0x40 C:/NXP/S32DS.3.4/S32DS/build_tools/gcc_v6.3/gcc-6.3-arm32-eabi/arm-none-eabi/newlib/lib/thumb/v7e-m\libm.a(lib_a-w_pow.o)
 .debug_frame   0x000008ec       0x64 C:/NXP/S32DS.3.4/S32DS/build_tools/gcc_v6.3/gcc-6.3-arm32-eabi/arm-none-eabi/newlib/lib/thumb/v7e-m\libm.a(lib_a-e_pow.o)
 .debug_frame   0x00000950       0x30 C:/NXP/S32DS.3.4/S32DS/build_tools/gcc_v6.3/gcc-6.3-arm32-eabi/arm-none-eabi/newlib/lib/thumb/v7e-m\libm.a(lib_a-e_sqrt.o)
 .debug_frame   0x00000980       0x20 C:/NXP/S32DS.3.4/S32DS/build_tools/gcc_v6.3/gcc-6.3-arm32-eabi/arm-none-eabi/newlib/lib/thumb/v7e-m\libm.a(lib_a-s_fabs.o)
 .debug_frame   0x000009a0       0x20 C:/NXP/S32DS.3.4/S32DS/build_tools/gcc_v6.3/gcc-6.3-arm32-eabi/arm-none-eabi/newlib/lib/thumb/v7e-m\libm.a(lib_a-s_finite.o)
 .debug_frame   0x000009c0       0x20 C:/NXP/S32DS.3.4/S32DS/build_tools/gcc_v6.3/gcc-6.3-arm32-eabi/arm-none-eabi/newlib/lib/thumb/v7e-m\libm.a(lib_a-s_matherr.o)
 .debug_frame   0x000009e0       0x20 C:/NXP/S32DS.3.4/S32DS/build_tools/gcc_v6.3/gcc-6.3-arm32-eabi/arm-none-eabi/newlib/lib/thumb/v7e-m\libm.a(lib_a-s_nan.o)
 .debug_frame   0x00000a00       0x34 C:/NXP/S32DS.3.4/S32DS/build_tools/gcc_v6.3/gcc-6.3-arm32-eabi/arm-none-eabi/newlib/lib/thumb/v7e-m\libm.a(lib_a-s_rint.o)
 .debug_frame   0x00000a34       0x30 C:/NXP/S32DS.3.4/S32DS/build_tools/gcc_v6.3/gcc-6.3-arm32-eabi/arm-none-eabi/newlib/lib/thumb/v7e-m\libm.a(lib_a-s_scalbn.o)
 .debug_frame   0x00000a64       0x20 C:/NXP/S32DS.3.4/S32DS/build_tools/gcc_v6.3/gcc-6.3-arm32-eabi/arm-none-eabi/newlib/lib/thumb/v7e-m\libm.a(lib_a-s_copysign.o)
 .debug_frame   0x00000a84       0xac c:/nxp/s32ds.3.4/s32ds/build_tools/gcc_v6.3/gcc-6.3-arm32-eabi/bin/../lib/gcc/arm-none-eabi/6.3.1/thumb/v7e-m\libgcc.a(_arm_addsubdf3.o)
 .debug_frame   0x00000b30       0x50 c:/nxp/s32ds.3.4/s32ds/build_tools/gcc_v6.3/gcc-6.3-arm32-eabi/bin/../lib/gcc/arm-none-eabi/6.3.1/thumb/v7e-m\libgcc.a(_arm_muldivdf3.o)
 .debug_frame   0x00000b80       0xc4 c:/nxp/s32ds.3.4/s32ds/build_tools/gcc_v6.3/gcc-6.3-arm32-eabi/bin/../lib/gcc/arm-none-eabi/6.3.1/thumb/v7e-m\libgcc.a(_arm_cmpdf2.o)
 .debug_frame   0x00000c44       0x20 c:/nxp/s32ds.3.4/s32ds/build_tools/gcc_v6.3/gcc-6.3-arm32-eabi/bin/../lib/gcc/arm-none-eabi/6.3.1/thumb/v7e-m\libgcc.a(_arm_unorddf2.o)
 .debug_frame   0x00000c64       0x24 c:/nxp/s32ds.3.4/s32ds/build_tools/gcc_v6.3/gcc-6.3-arm32-eabi/bin/../lib/gcc/arm-none-eabi/6.3.1/thumb/v7e-m\libgcc.a(_arm_fixunsdfsi.o)
 .debug_frame   0x00000c88       0x20 C:/NXP/S32DS.3.4/S32DS/build_tools/gcc_v6.3/gcc-6.3-arm32-eabi/arm-none-eabi/newlib/lib/thumb/v7e-m\libc.a(lib_a-errno.o)
 .debug_frame   0x00000ca8       0x28 C:/NXP/S32DS.3.4/S32DS/build_tools/gcc_v6.3/gcc-6.3-arm32-eabi/arm-none-eabi/newlib/lib/thumb/v7e-m\libc.a(lib_a-exit.o)
 .debug_frame   0x00000cd0       0x2c C:/NXP/S32DS.3.4/S32DS/build_tools/gcc_v6.3/gcc-6.3-arm32-eabi/arm-none-eabi/newlib/lib/thumb/v7e-m\libc.a(lib_a-init.o)
 .debug_frame   0x00000cfc       0x20 C:/NXP/S32DS.3.4/S32DS/build_tools/gcc_v6.3/gcc-6.3-arm32-eabi/arm-none-eabi/newlib/lib/thumb/v7e-m\libc.a(lib_a-memset.o)
 .debug_frame   0x00000d1c       0x2c C:/NXP/S32DS.3.4/S32DS/build_tools/gcc_v6.3/gcc-6.3-arm32-eabi/arm-none-eabi/newlib/lib/thumb/v7e-m\libc.a(lib_a-strncpy.o)
 .debug_frame   0x00000d48       0x4c C:/NXP/S32DS.3.4/S32DS/build_tools/gcc_v6.3/gcc-6.3-arm32-eabi/arm-none-eabi/newlib/lib/thumb/v7e-m\libc.a(lib_a-__call_atexit.o)
 .debug_frame   0x00000d94       0x38 C:/NXP/S32DS.3.4/S32DS/build_tools/gcc_v6.3/gcc-6.3-arm32-eabi/arm-none-eabi/newlib/lib/thumb/v7e-m\libc.a(lib_a-fini.o)
 .debug_frame   0x00000dcc       0x20 C:/NXP/S32DS.3.4/S32DS/build_tools/gcc_v6.3/gcc-6.3-arm32-eabi/arm-none-eabi/newlib/lib/thumb/v7e-m\libc.a(lib_a-atexit.o)
 .debug_frame   0x00000dec       0x30 C:/NXP/S32DS.3.4/S32DS/build_tools/gcc_v6.3/gcc-6.3-arm32-eabi/arm-none-eabi/newlib/lib/thumb/v7e-m\libc.a(lib_a-__atexit.o)
 .debug_frame   0x00000e1c       0x20 C:/NXP/S32DS.3.4/S32DS/build_tools/gcc_v6.3/gcc-6.3-arm32-eabi/arm-none-eabi/newlib/lib/thumb/v7e-m\libnosys.a(_exit.o)
